Component: ARM Compiler 5.06 update 6 (build 750) Tool: armlink [4d35ed]

==============================================================================

Section Cross References

    stm32f30x_adc.o(i.ADC_DeInit) refers to stm32f30x_rcc.o(i.RCC_AHBPeriphResetCmd) for RCC_AHBPeriphResetCmd
    stm32f30x_gpio.o(i.GPIO_DeInit) refers to stm32f30x_rcc.o(i.RCC_AHBPeriphResetCmd) for RCC_AHBPeriphResetCmd
    stm32f30x_pwr.o(i.PWR_DeInit) refers to stm32f30x_rcc.o(i.RCC_APB1PeriphResetCmd) for RCC_APB1PeriphResetCmd
    stm32f30x_rcc.o(i.RCC_GetClocksFreq) refers to stm32f30x_rcc.o(.data) for APBAHBPrescTable
    stm32f30x_rcc.o(i.RCC_WaitForHSEStartUp) refers to stm32f30x_rcc.o(i.RCC_GetFlagStatus) for RCC_GetFlagStatus
    stm32f30x_tim.o(i.TIM_DeInit) refers to stm32f30x_rcc.o(i.RCC_APB2PeriphResetCmd) for RCC_APB2PeriphResetCmd
    stm32f30x_tim.o(i.TIM_DeInit) refers to stm32f30x_rcc.o(i.RCC_APB1PeriphResetCmd) for RCC_APB1PeriphResetCmd
    stm32f30x_tim.o(i.TIM_ETRClockMode1Config) refers to stm32f30x_tim.o(i.TIM_ETRConfig) for TIM_ETRConfig
    stm32f30x_tim.o(i.TIM_ETRClockMode2Config) refers to stm32f30x_tim.o(i.TIM_ETRConfig) for TIM_ETRConfig
    stm32f30x_tim.o(i.TIM_ICInit) refers to stm32f30x_tim.o(i.TI1_Config) for TI1_Config
    stm32f30x_tim.o(i.TIM_ICInit) refers to stm32f30x_tim.o(i.TIM_SetIC1Prescaler) for TIM_SetIC1Prescaler
    stm32f30x_tim.o(i.TIM_ICInit) refers to stm32f30x_tim.o(i.TI2_Config) for TI2_Config
    stm32f30x_tim.o(i.TIM_ICInit) refers to stm32f30x_tim.o(i.TIM_SetIC2Prescaler) for TIM_SetIC2Prescaler
    stm32f30x_tim.o(i.TIM_ICInit) refers to stm32f30x_tim.o(i.TI3_Config) for TI3_Config
    stm32f30x_tim.o(i.TIM_ICInit) refers to stm32f30x_tim.o(i.TIM_SetIC3Prescaler) for TIM_SetIC3Prescaler
    stm32f30x_tim.o(i.TIM_ICInit) refers to stm32f30x_tim.o(i.TI4_Config) for TI4_Config
    stm32f30x_tim.o(i.TIM_ICInit) refers to stm32f30x_tim.o(i.TIM_SetIC4Prescaler) for TIM_SetIC4Prescaler
    stm32f30x_tim.o(i.TIM_ITRxExternalClockConfig) refers to stm32f30x_tim.o(i.TIM_SelectInputTrigger) for TIM_SelectInputTrigger
    stm32f30x_tim.o(i.TIM_PWMIConfig) refers to stm32f30x_tim.o(i.TI1_Config) for TI1_Config
    stm32f30x_tim.o(i.TIM_PWMIConfig) refers to stm32f30x_tim.o(i.TIM_SetIC1Prescaler) for TIM_SetIC1Prescaler
    stm32f30x_tim.o(i.TIM_PWMIConfig) refers to stm32f30x_tim.o(i.TI2_Config) for TI2_Config
    stm32f30x_tim.o(i.TIM_PWMIConfig) refers to stm32f30x_tim.o(i.TIM_SetIC2Prescaler) for TIM_SetIC2Prescaler
    stm32f30x_tim.o(i.TIM_TIxExternalClockConfig) refers to stm32f30x_tim.o(i.TI2_Config) for TI2_Config
    stm32f30x_tim.o(i.TIM_TIxExternalClockConfig) refers to stm32f30x_tim.o(i.TI1_Config) for TI1_Config
    stm32f30x_tim.o(i.TIM_TIxExternalClockConfig) refers to stm32f30x_tim.o(i.TIM_SelectInputTrigger) for TIM_SelectInputTrigger
    stm32f30x_usart.o(i.USART_DeInit) refers to stm32f30x_rcc.o(i.RCC_APB2PeriphResetCmd) for RCC_APB2PeriphResetCmd
    stm32f30x_usart.o(i.USART_DeInit) refers to stm32f30x_rcc.o(i.RCC_APB1PeriphResetCmd) for RCC_APB1PeriphResetCmd
    stm32f30x_usart.o(i.USART_Init) refers to stm32f30x_rcc.o(i.RCC_GetClocksFreq) for RCC_GetClocksFreq
    system_stm32f30x.o(i.SystemCoreClockUpdate) refers to system_stm32f30x.o(.data) for SystemCoreClock
    system_stm32f30x.o(i.SystemInit) refers to system_stm32f30x.o(i.SetSysClock) for SetSysClock
    startup_stm32f334x8.o(STACK) refers (Special) to heapauxi.o(.text) for __use_two_region_memory
    startup_stm32f334x8.o(HEAP) refers (Special) to heapauxi.o(.text) for __use_two_region_memory
    startup_stm32f334x8.o(RESET) refers (Special) to heapauxi.o(.text) for __use_two_region_memory
    startup_stm32f334x8.o(RESET) refers to startup_stm32f334x8.o(STACK) for __initial_sp
    startup_stm32f334x8.o(RESET) refers to startup_stm32f334x8.o(.text) for Reset_Handler
    startup_stm32f334x8.o(RESET) refers to stm32f30x_it.o(i.NMI_Handler) for NMI_Handler
    startup_stm32f334x8.o(RESET) refers to stm32f30x_it.o(i.HardFault_Handler) for HardFault_Handler
    startup_stm32f334x8.o(RESET) refers to stm32f30x_it.o(i.MemManage_Handler) for MemManage_Handler
    startup_stm32f334x8.o(RESET) refers to stm32f30x_it.o(i.BusFault_Handler) for BusFault_Handler
    startup_stm32f334x8.o(RESET) refers to stm32f30x_it.o(i.UsageFault_Handler) for UsageFault_Handler
    startup_stm32f334x8.o(RESET) refers to stm32f30x_it.o(i.SVC_Handler) for SVC_Handler
    startup_stm32f334x8.o(RESET) refers to stm32f30x_it.o(i.DebugMon_Handler) for DebugMon_Handler
    startup_stm32f334x8.o(RESET) refers to stm32f30x_it.o(i.PendSV_Handler) for PendSV_Handler
    startup_stm32f334x8.o(RESET) refers to systick_delay.o(i.SysTick_Handler) for SysTick_Handler
    startup_stm32f334x8.o(.text) refers (Special) to heapauxi.o(.text) for __use_two_region_memory
    startup_stm32f334x8.o(.text) refers to system_stm32f30x.o(i.SystemInit) for SystemInit
    startup_stm32f334x8.o(.text) refers to __main.o(!!!main) for __main
[...]
    Removing stm32f30x_usart.o(i.USART_OverrunDetectionConfig), (16 bytes).
    Removing stm32f30x_usart.o(i.USART_ReceiveData), (10 bytes).
    Removing stm32f30x_usart.o(i.USART_ReceiverTimeOutCmd), (22 bytes).
    Removing stm32f30x_usart.o(i.USART_RequestCmd), (18 bytes).
    Removing stm32f30x_usart.o(i.USART_STOPModeCmd), (22 bytes).
    Removing stm32f30x_usart.o(i.USART_SWAPPinCmd), (22 bytes).
    Removing stm32f30x_usart.o(i.USART_SetAddress), (18 bytes).
    Removing stm32f30x_usart.o(i.USART_SetAutoRetryCount), (18 bytes).
    Removing stm32f30x_usart.o(i.USART_SetBlockLength), (18 bytes).
    Removing stm32f30x_usart.o(i.USART_SetDEAssertionTime), (18 bytes).
    Removing stm32f30x_usart.o(i.USART_SetDEDeassertionTime), (18 bytes).
    Removing stm32f30x_usart.o(i.USART_SetGuardTime), (16 bytes).
    Removing stm32f30x_usart.o(i.USART_SetPrescaler), (16 bytes).
    Removing stm32f30x_usart.o(i.USART_SetReceiverTimeOut), (16 bytes).
    Removing stm32f30x_usart.o(i.USART_SmartCardCmd), (22 bytes).
    Removing stm32f30x_usart.o(i.USART_SmartCardNACKCmd), (22 bytes).
    Removing stm32f30x_usart.o(i.USART_StopModeWakeUpSourceConfig), (16 bytes).
    Removing stm32f30x_usart.o(i.USART_StructInit), (24 bytes).
    Removing system_stm32f30x.o(.rev16_text), (4 bytes).
    Removing system_stm32f30x.o(.revsh_text), (4 bytes).
    Removing system_stm32f30x.o(.rrx_text), (6 bytes).
    Removing stm32f30x_it.o(.rev16_text), (4 bytes).
    Removing stm32f30x_it.o(.revsh_text), (4 bytes).
    Removing stm32f30x_it.o(.rrx_text), (6 bytes).
    Removing systick_delay.o(.rev16_text), (4 bytes).
    Removing systick_delay.o(.revsh_text), (4 bytes).
    Removing systick_delay.o(.rrx_text), (6 bytes).
    Removing main.o(.rev16_text), (4 bytes).
    Removing main.o(.revsh_text), (4 bytes).
    Removing main.o(.rrx_text), (6 bytes).

337 unused section(s) (total 9532 bytes) removed from the image.

==============================================================================

Image Symbol Table

    Local Symbols

    Symbol Name                              Value     Ov Type        Size  Object(Section)

    ../clib/angel/boardlib.s                 0x00000000   Number         0  boardinit1.o ABSOLUTE
    ../clib/angel/boardlib.s                 0x00000000   Number         0  boardinit2.o ABSOLUTE
    ../clib/angel/boardlib.s                 0x00000000   Number         0  boardinit3.o ABSOLUTE
    ../clib/angel/boardlib.s                 0x00000000   Number         0  boardshut.o ABSOLUTE
    ../clib/angel/handlers.s                 0x00000000   Number         0  __scatter_copy.o ABSOLUTE
    ../clib/angel/handlers.s                 0x00000000   Number         0  __scatter_zi.o ABSOLUTE
    ../clib/angel/kernel.s                   0x00000000   Number         0  __rtentry.o ABSOLUTE
    ../clib/angel/kernel.s                   0x00000000   Number         0  __rtentry4.o ABSOLUTE
    ../clib/angel/kernel.s                   0x00000000   Number         0  rtexit.o ABSOLUTE
    ../clib/angel/kernel.s                   0x00000000   Number         0  rtexit2.o ABSOLUTE
    ../clib/angel/kernel.s                   0x00000000   Number         0  __rtentry2.o ABSOLUTE
    ../clib/angel/rt.s                       0x00000000   Number         0  rt_raise.o ABSOLUTE
    ../clib/angel/rt.s                       0x00000000   Number         0  rt_locale.o ABSOLUTE
    ../clib/angel/rt.s                       0x00000000   Number         0  rt_locale_intlibspace.o ABSOLUTE
    ../clib/angel/rt.s                       0x00000000   Number         0  rt_errno_addr.o ABSOLUTE
    ../clib/angel/rt.s                       0x00000000   Number         0  rt_errno_addr_intlibspace.o ABSOLUTE
    ../clib/angel/scatter.s                  0x00000000   Number         0  __scatter.o ABSOLUTE
    ../clib/angel/startup.s                  0x00000000   Number         0  __main.o ABSOLUTE
    ../clib/angel/sys.s                      0x00000000   Number         0  sys_stackheap_outer.o ABSOLUTE
    ../clib/angel/sys.s                      0x00000000   Number         0  indicate_semi.o ABSOLUTE
    ../clib/angel/sys.s                      0x00000000   Number         0  libspace.o ABSOLUTE
    ../clib/angel/sys.s                      0x00000000   Number         0  use_no_semi.o ABSOLUTE
    ../clib/angel/sysapp.c                   0x00000000   Number         0  sys_command.o ABSOLUTE
    ../clib/angel/sysapp.c                   0x00000000   Number         0  sys_wrch.o ABSOLUTE
    ../clib/angel/sysapp.c                   0x00000000   Number         0  sys_exit.o ABSOLUTE
    ../clib/armsys.c                         0x00000000   Number         0  argv_veneer.o ABSOLUTE
    ../clib/armsys.c                         0x00000000   Number         0  no_argv.o ABSOLUTE
    ../clib/armsys.c                         0x00000000   Number         0  argv_veneer.o ABSOLUTE
    ../clib/armsys.c                         0x00000000   Number         0  _get_argv_nomalloc.o ABSOLUTE
    ../clib/bigflt.c                         0x00000000   Number         0  bigflt0.o ABSOLUTE
    ../clib/btod.s                           0x00000000   Number         0  btod.o ABSOLUTE
    ../clib/fenv.c                           0x00000000   Number         0  _rserrno.o ABSOLUTE
    ../clib/heapalloc.c                      0x00000000   Number         0  hrguard.o ABSOLUTE
    ../clib/heapaux.c                        0x00000000   Number         0  heapauxi.o ABSOLUTE
    ../clib/libinit.s                        0x00000000   Number         0  libinit.o ABSOLUTE
    ../clib/libinit.s                        0x00000000   Number         0  libshutdown.o ABSOLUTE
    ../clib/libinit.s                        0x00000000   Number         0  libshutdown2.o ABSOLUTE
    ../clib/libinit.s                        0x00000000   Number         0  libinit2.o ABSOLUTE
    ../clib/locale.s                         0x00000000   Number         0  lc_numeric_c.o ABSOLUTE
    ../clib/longlong.s                       0x00000000   Number         0  lludiv10.o ABSOLUTE
    ../clib/memcpset.s                       0x00000000   Number         0  strcmpv7m.o ABSOLUTE
    ../clib/printf.c                         0x00000000   Number         0  __printf.o ABSOLUTE
    ../clib/printf.c                         0x00000000   Number         0  __printf_flags_ss_wp.o ABSOLUTE
    ../clib/printf.c                         0x00000000   Number         0  __printf_ss_wp.o ABSOLUTE
    ../clib/printf.c                         0x00000000   Number         0  __printf_flags_wp.o ABSOLUTE
    ../clib/printf.c                         0x00000000   Number         0  __printf_wp.o ABSOLUTE
    ../clib/printf.c                         0x00000000   Number         0  __printf_flags_ss.o ABSOLUTE
    ../clib/printf.c                         0x00000000   Number         0  __printf_flags.o ABSOLUTE
    ../clib/printf.c                         0x00000000   Number         0  noretval__2sprintf.o ABSOLUTE
    ../clib/printf.c                         0x00000000   Number         0  __2sprintf.o ABSOLUTE
    ../clib/printf.c                         0x00000000   Number         0  _printf_fp_dec.o ABSOLUTE
    ../clib/printf.c                         0x00000000   Number         0  _printf_char_common.o ABSOLUTE
    ../clib/printf.c                         0x00000000   Number         0  __printf_ss.o ABSOLUTE
    ../clib/printf.c                         0x00000000   Number         0  _printf_fp_infnan.o ABSOLUTE
    ../clib/printf.c                         0x00000000   Number         0  _sputc.o ABSOLUTE
    ../clib/printf.c                         0x00000000   Number         0  __printf_nopercent.o ABSOLUTE
    ../clib/printf_percent.s                 0x00000000   Number         0  _printf_percent_end.o ABSOLUTE
    ../clib/printf_percent.s                 0x00000000   Number         0  _printf_percent.o ABSOLUTE
    ../clib/printf_percent.s                 0x00000000   Number         0  _printf_f.o ABSOLUTE
    ../clib/signal.c                         0x00000000   Number         0  defsig_general.o ABSOLUTE
    ../clib/signal.c                         0x00000000   Number         0  defsig_abrt_inner.o ABSOLUTE
    ../clib/signal.c                         0x00000000   Number         0  defsig_rtmem_formal.o ABSOLUTE
    ../clib/signal.c                         0x00000000   Number         0  defsig_rtmem_outer.o ABSOLUTE
    ../clib/signal.c                         0x00000000   Number         0  defsig_other.o ABSOLUTE
    ../clib/signal.c                         0x00000000   Number         0  defsig_segv_inner.o ABSOLUTE
    ../clib/signal.c                         0x00000000   Number         0  defsig_rtred_inner.o ABSOLUTE
    ../clib/signal.c                         0x00000000   Number         0  defsig_stak_inner.o ABSOLUTE
    ../clib/signal.c                         0x00000000   Number         0  defsig_cppl_inner.o ABSOLUTE
    ../clib/signal.c                         0x00000000   Number         0  defsig_rtmem_inner.o ABSOLUTE
    ../clib/signal.c                         0x00000000   Number         0  defsig_fpe_inner.o ABSOLUTE
    ../clib/signal.c                         0x00000000   Number         0  defsig_pvfn_inner.o ABSOLUTE
    ../clib/signal.c                         0x00000000   Number         0  __raise.o ABSOLUTE
    ../clib/signal.c                         0x00000000   Number         0  defsig_exit.o ABSOLUTE
    ../clib/signal.s                         0x00000000   Number         0  defsig.o ABSOLUTE
    ../clib/stdlib.c                         0x00000000   Number         0  exit.o ABSOLUTE
    ../fplib/basic.s                         0x00000000   Number         0  basic.o ABSOLUTE
    ../fplib/d2f.s                           0x00000000   Number         0  d2f.o ABSOLUTE
    ../fplib/daddsub.s                       0x00000000   Number         0  daddsub_clz.o ABSOLUTE
    ../fplib/dcheck1.s                       0x00000000   Number         0  dcheck1.o ABSOLUTE
    ../fplib/dcmpi.s                         0x00000000   Number         0  dcmpi.o ABSOLUTE
    ../fplib/ddiv.s                          0x00000000   Number         0  ddiv.o ABSOLUTE
    ../fplib/dflt.s                          0x00000000   Number         0  dflt_clz.o ABSOLUTE
    ../fplib/dleqf.s                         0x00000000   Number         0  dleqf.o ABSOLUTE
    ../fplib/dmul.s                          0x00000000   Number         0  dmul.o ABSOLUTE
    ../fplib/dnaninf.s                       0x00000000   Number         0  dnaninf.o ABSOLUTE
    ../fplib/dretinf.s                       0x00000000   Number         0  dretinf.o ABSOLUTE
    ../fplib/drleqf.s                        0x00000000   Number         0  drleqf.o ABSOLUTE
    ../fplib/dsqrt.s                         0x00000000   Number         0  dsqrt_umaal.o ABSOLUTE
    ../fplib/f2d.s                           0x00000000   Number         0  f2d.o ABSOLUTE
    ../fplib/fnaninf.s                       0x00000000   Number         0  fnaninf.o ABSOLUTE
    ../fplib/fpinit.s                        0x00000000   Number         0  fpinit.o ABSOLUTE
    ../fplib/fretinf.s                       0x00000000   Number         0  fretinf.o ABSOLUTE
    ../fplib/istatus.s                       0x00000000   Number         0  istatus.o ABSOLUTE
    ../fplib/printf1.s                       0x00000000   Number         0  printf1.o ABSOLUTE
    ../fplib/retnan.s                        0x00000000   Number         0  retnan.o ABSOLUTE
    ../fplib/scalbn.s                        0x00000000   Number         0  scalbn.o ABSOLUTE
    ../fplib/trapv.s                         0x00000000   Number         0  trapv.o ABSOLUTE
    ../fplib/usenofp.s                       0x00000000   Number         0  usenofp.o ABSOLUTE
    ../mathlib/dunder.c                      0x00000000   Number         0  dunder.o ABSOLUTE
    ../mathlib/fabs.c                        0x00000000   Number         0  fabs.o ABSOLUTE
    ../mathlib/fpclassify.c                  0x00000000   Number         0  fpclassify.o ABSOLUTE
    ../mathlib/poly.c                        0x00000000   Number         0  poly.o ABSOLUTE
    ../mathlib/pow.c                         0x00000000   Number         0  pow_x.o ABSOLUTE
    ../mathlib/pow.c                         0x00000000   Number         0  pow.o ABSOLUTE
    ../mathlib/qnan.c                        0x00000000   Number         0  qnan.o ABSOLUTE
    ../mathlib/sqrt.c                        0x00000000   Number         0  sqrt_x.o ABSOLUTE
    ../mathlib/sqrt.c                        0x00000000   Number         0  sqrt.o ABSOLUTE
    ..\\lib\\CMSIS\\Device\\ST\\STM32F30x\\Source\\Templates\\system_stm32f30x.c 0x00000000   Number         0  system_stm32f30x.o ABSOLUTE
    ..\\lib\\STM32F30x_StdPeriph_Driver\\src\\SysTick_Delay.c 0x00000000   Number         0  systick_delay.o ABSOLUTE
    ..\\lib\\STM32F30x_StdPeriph_Driver\\src\\stm32f30x_adc.c 0x00000000   Number         0  stm32f30x_adc.o ABSOLUTE
    ..\\lib\\STM32F30x_StdPeriph_Driver\\src\\stm32f30x_exti.c 0x00000000   Number         0  stm32f30x_exti.o ABSOLUTE
    ..\\lib\\STM32F30x_StdPeriph_Driver\\src\\stm32f30x_gpio.c 0x00000000   Number         0  stm32f30x_gpio.o ABSOLUTE
    ..\\lib\\STM32F30x_StdPeriph_Driver\\src\\stm32f30x_misc.c 0x00000000   Number         0  stm32f30x_misc.o ABSOLUTE
    ..\\lib\\STM32F30x_StdPeriph_Driver\\src\\stm32f30x_pwr.c 0x00000000   Number         0  stm32f30x_pwr.o ABSOLUTE
    ..\\lib\\STM32F30x_StdPeriph_Driver\\src\\stm32f30x_rcc.c 0x00000000   Number         0  stm32f30x_rcc.o ABSOLUTE
    ..\\lib\\STM32F30x_StdPeriph_Driver\\src\\stm32f30x_syscfg.c 0x00000000   Number         0  stm32f30x_syscfg.o ABSOLUTE
    ..\\lib\\STM32F30x_StdPeriph_Driver\\src\\stm32f30x_tim.c 0x00000000   Number         0  stm32f30x_tim.o ABSOLUTE
    ..\\lib\\STM32F30x_StdPeriph_Driver\\src\\stm32f30x_usart.c 0x00000000   Number         0  stm32f30x_usart.o ABSOLUTE
    ..\\project\\stm32f30x_it.c              0x00000000   Number         0  stm32f30x_it.o ABSOLUTE
    ..\lib\CMSIS\Device\ST\STM32F30x\Source\Templates\arm\startup_stm32f334x8.s 0x00000000   Number         0  startup_stm32f334x8.o ABSOLUTE
    ..\lib\CMSIS\Device\ST\STM32F30x\Source\Templates\system_stm32f30x.c 0x00000000   Number         0  system_stm32f30x.o ABSOLUTE
    ..\lib\STM32F30x_StdPeriph_Driver\src\SysTick_Delay.c 0x00000000   Number         0  systick_delay.o ABSOLUTE
    ..\lib\STM32F30x_StdPeriph_Driver\src\stm32f30x_adc.c 0x00000000   Number         0  stm32f30x_adc.o ABSOLUTE
    ..\lib\STM32F30x_StdPeriph_Driver\src\stm32f30x_exti.c 0x00000000   Number         0  stm32f30x_exti.o ABSOLUTE
    ..\lib\STM32F30x_StdPeriph_Driver\src\stm32f30x_gpio.c 0x00000000   Number         0  stm32f30x_gpio.o ABSOLUTE
    ..\lib\STM32F30x_StdPeriph_Driver\src\stm32f30x_misc.c 0x00000000   Number         0  stm32f30x_misc.o ABSOLUTE
    ..\lib\STM32F30x_StdPeriph_Driver\src\stm32f30x_pwr.c 0x00000000   Number         0  stm32f30x_pwr.o ABSOLUTE
    ..\lib\STM32F30x_StdPeriph_Driver\src\stm32f30x_rcc.c 0x00000000   Number         0  stm32f30x_rcc.o ABSOLUTE
    ..\lib\STM32F30x_StdPeriph_Driver\src\stm32f30x_syscfg.c 0x00000000   Number         0  stm32f30x_syscfg.o ABSOLUTE
    ..\lib\STM32F30x_StdPeriph_Driver\src\stm32f30x_tim.c 0x00000000   Number         0  stm32f30x_tim.o ABSOLUTE
    ..\lib\STM32F30x_StdPeriph_Driver\src\stm32f30x_usart.c 0x00000000   Number         0  stm32f30x_usart.o ABSOLUTE
    ..\project\stm32f30x_it.c                0x00000000   Number         0  stm32f30x_it.o ABSOLUTE
    dc.s                                     0x00000000   Number         0  dc.o ABSOLUTE
    main.c                                   0x00000000   Number         0  main.o ABSOLUTE
    main.c                                   0x00000000   Number         0  main.o ABSOLUTE
    RESET                                    0x08000000   Section      392  startup_stm32f334x8.o(RESET)
    !!!main                                  0x08000188   Section        8  __main.o(!!!main)
    !!!scatter                               0x08000190   Section       52  __scatter.o(!!!scatter)
    !!handler_copy                           0x080001c4   Section       26  __scatter_copy.o(!!handler_copy)
    !!handler_zi                             0x080001e0   Section       28  __scatter_zi.o(!!handler_zi)
    .ARM.Collect$$_printf_percent$$00000000  0x080001fc   Section        0  _printf_percent.o(.ARM.Collect$$_printf_percent$$00000000)
    .ARM.Collect$$_printf_percent$$00000003  0x080001fc   Section        6  _printf_f.o(.ARM.Collect$$_printf_percent$$00000003)
    .ARM.Collect$$_printf_percent$$00000017  0x08000202   Section        4  _printf_percent_end.o(.ARM.Collect$$_printf_percent$$00000017)
    .ARM.Collect$$libinit$$00000000          0x08000206   Section        2  libinit.o(.ARM.Collect$$libinit$$00000000)
    .ARM.Collect$$libinit$$00000001          0x08000208   Section        4  libinit2.o(.ARM.Collect$$libinit$$00000001)
    .ARM.Collect$$libinit$$00000004          0x0800020c   Section        0  libinit2.o(.ARM.Collect$$libinit$$00000004)
    .ARM.Collect$$libinit$$0000000A          0x0800020c   Section        0  libinit2.o(.ARM.Collect$$libinit$$0000000A)
    .ARM.Collect$$libinit$$0000000C          0x0800020c   Section        0  libinit2.o(.ARM.Collect$$libinit$$0000000C)
    .ARM.Collect$$libinit$$0000000E          0x0800020c   Section        0  libinit2.o(.ARM.Collect$$libinit$$0000000E)
    .ARM.Collect$$libinit$$0000000F          0x0800020c   Section        6  libinit2.o(.ARM.Collect$$libinit$$0000000F)
    .ARM.Collect$$libinit$$00000011          0x08000212   Section        0  libinit2.o(.ARM.Collect$$libinit$$00000011)
    .ARM.Collect$$libinit$$00000013          0x08000212   Section        0  libinit2.o(.ARM.Collect$$libinit$$00000013)
    .ARM.Collect$$libinit$$00000015          0x08000212   Section        0  libinit2.o(.ARM.Collect$$libinit$$00000015)
    .ARM.Collect$$libinit$$00000016          0x08000212   Section       10  libinit2.o(.ARM.Collect$$libinit$$00000016)
    .ARM.Collect$$libinit$$00000017          0x0800021c   Section        0  libinit2.o(.ARM.Collect$$libinit$$00000017)
    .ARM.Collect$$libinit$$00000019          0x0800021c   Section        0  libinit2.o(.ARM.Collect$$libinit$$00000019)
    .ARM.Collect$$libinit$$0000001B          0x0800021c   Section        0  libinit2.o(.ARM.Collect$$libinit$$0000001B)
    .ARM.Collect$$libinit$$0000001D          0x0800021c   Section        0  libinit2.o(.ARM.Collect$$libinit$$0000001D)
    .ARM.Collect$$libinit$$0000001F          0x0800021c   Section        0  libinit2.o(.ARM.Collect$$libinit$$0000001F)
    .ARM.Collect$$libinit$$00000021          0x0800021c   Section        0  libinit2.o(.ARM.Collect$$libinit$$00000021)
    .ARM.Collect$$libinit$$00000023          0x0800021c   Section        0  libinit2.o(.ARM.Collect$$libinit$$00000023)
    .ARM.Collect$$libinit$$00000025          0x0800021c   Section        0  libinit2.o(.ARM.Collect$$libinit$$00000025)
    .ARM.Collect$$libinit$$0000002C          0x0800021c   Section        0  libinit2.o(.ARM.Collect$$libinit$$0000002C)
    .ARM.Collect$$libinit$$0000002E          0x0800021c   Section        0  libinit2.o(.ARM.Collect$$libinit$$0000002E)
    .ARM.Collect$$libinit$$00000030          0x0800021c   Section        0  libinit2.o(.ARM.Collect$$libinit$$00000030)
    .ARM.Collect$$libinit$$00000032          0x0800021c   Section        0  libinit2.o(.ARM.Collect$$libinit$$00000032)
    .ARM.Collect$$libinit$$00000033          0x0800021c   Section        2  libinit2.o(.ARM.Collect$$libinit$$00000033)
    .ARM.Collect$$libshutdown$$00000000      0x0800021e   Section        2  libshutdown.o(.ARM.Collect$$libshutdown$$00000000)
    .ARM.Collect$$libshutdown$$00000002      0x08000220   Section        0  libshutdown2.o(.ARM.Collect$$libshutdown$$00000002)
    .ARM.Collect$$libshutdown$$00000004      0x08000220   Section        0  libshutdown2.o(.ARM.Collect$$libshutdown$$00000004)
    .ARM.Collect$$libshutdown$$00000007      0x08000220   Section        0  libshutdown2.o(.ARM.Collect$$libshutdown$$00000007)
    .ARM.Collect$$libshutdown$$0000000A      0x08000220   Section        0  libshutdown2.o(.ARM.Collect$$libshutdown$$0000000A)
    .ARM.Collect$$libshutdown$$0000000C      0x08000220   Section        0  libshutdown2.o(.ARM.Collect$$libshutdown$$0000000C)
    .ARM.Collect$$libshutdown$$0000000F      0x08000220   Section        0  libshutdown2.o(.ARM.Collect$$libshutdown$$0000000F)
    .ARM.Collect$$libshutdown$$00000010      0x08000220   Section        2  libshutdown2.o(.ARM.Collect$$libshutdown$$00000010)
    .ARM.Collect$$rtentry$$00000000          0x08000222   Section        0  __rtentry.o(.ARM.Collect$$rtentry$$00000000)
    .ARM.Collect$$rtentry$$00000002          0x08000222   Section        0  __rtentry2.o(.ARM.Collect$$rtentry$$00000002)
    .ARM.Collect$$rtentry$$00000004          0x08000222   Section        6  __rtentry4.o(.ARM.Collect$$rtentry$$00000004)
    .ARM.Collect$$rtentry$$00000009          0x08000228   Section        0  __rtentry2.o(.ARM.Collect$$rtentry$$00000009)
    .ARM.Collect$$rtentry$$0000000A          0x08000228   Section        4  __rtentry2.o(.ARM.Collect$$rtentry$$0000000A)
    .ARM.Collect$$rtentry$$0000000C          0x0800022c   Section        0  __rtentry2.o(.ARM.Collect$$rtentry$$0000000C)
    .ARM.Collect$$rtentry$$0000000D          0x0800022c   Section        8  __rtentry2.o(.ARM.Collect$$rtentry$$0000000D)
    .ARM.Collect$$rtexit$$00000000           0x08000234   Section        2  rtexit.o(.ARM.Collect$$rtexit$$00000000)
    .ARM.Collect$$rtexit$$00000002           0x08000236   Section        0  rtexit2.o(.ARM.Collect$$rtexit$$00000002)
    .ARM.Collect$$rtexit$$00000003           0x08000236   Section        4  rtexit2.o(.ARM.Collect$$rtexit$$00000003)
    .ARM.Collect$$rtexit$$00000004           0x0800023a   Section        6  rtexit2.o(.ARM.Collect$$rtexit$$00000004)
    .text                                    0x08000240   Section       64  startup_stm32f334x8.o(.text)
    $v0                                      0x08000240   Number         0  startup_stm32f334x8.o(.text)
    .text                                    0x08000280   Section        0  noretval__2sprintf.o(.text)
    .text                                    0x080002a8   Section        0  __printf.o(.text)
    .text                                    0x08000310   Section        0  heapauxi.o(.text)
    .text                                    0x08000316   Section        0  _rserrno.o(.text)
    .text                                    0x0800032c   Section        0  _printf_fp_dec.o(.text)
    _fp_digits                               0x0800032f   Thumb Code   432  _printf_fp_dec.o(.text)
    .text                                    0x0800074c   Section        0  _printf_char_common.o(.text)
    _printf_input_char                       0x0800074d   Thumb Code    10  _printf_char_common.o(.text)
    .text                                    0x0800077c   Section        0  _sputc.o(.text)
    .text                                    0x08000788   Section        8  rt_locale_intlibspace.o(.text)
    .text                                    0x08000790   Section        8  rt_errno_addr_intlibspace.o(.text)
    .text                                    0x08000798   Section      138  lludiv10.o(.text)
    .text                                    0x08000824   Section        0  _printf_fp_infnan.o(.text)
    .text                                    0x080008a4   Section        0  bigflt0.o(.text)
    .text                                    0x08000988   Section        8  libspace.o(.text)
    .text                                    0x08000990   Section       74  sys_stackheap_outer.o(.text)
    .text                                    0x080009da   Section        0  exit.o(.text)
    .text                                    0x080009ec   Section      128  strcmpv7m.o(.text)
    .text                                    0x08000a6c   Section        0  sys_exit.o(.text)
    .text                                    0x08000a78   Section        2  use_no_semi.o(.text)
    .text                                    0x08000a7a   Section        0  indicate_semi.o(.text)
    CL$$btod_d2e                             0x08000a7a   Section       62  btod.o(CL$$btod_d2e)
    CL$$btod_d2e_denorm_low                  0x08000ab8   Section       70  btod.o(CL$$btod_d2e_denorm_low)
    CL$$btod_d2e_norm_op1                    0x08000afe   Section       96  btod.o(CL$$btod_d2e_norm_op1)
    CL$$btod_div_common                      0x08000b5e   Section      824  btod.o(CL$$btod_div_common)
    CL$$btod_e2e                             0x08000e96   Section      220  btod.o(CL$$btod_e2e)
    CL$$btod_ediv                            0x08000f72   Section       42  btod.o(CL$$btod_ediv)
    CL$$btod_emul                            0x08000f9c   Section       42  btod.o(CL$$btod_emul)
    CL$$btod_mult_common                     0x08000fc6   Section      580  btod.o(CL$$btod_mult_common)
    i.ADC1_Init                              0x0800120a   Section        0  main.o(i.ADC1_Init)
    i.ADC_AutoDelayCmd                       0x0800129e   Section        0  stm32f30x_adc.o(i.ADC_AutoDelayCmd)
    i.ADC_Cmd                                0x080012b4   Section        0  stm32f30x_adc.o(i.ADC_Cmd)
    i.ADC_CommonInit                         0x080012cc   Section        0  stm32f30x_adc.o(i.ADC_CommonInit)
    i.ADC_GetConversionValue                 0x08001330   Section        0  stm32f30x_adc.o(i.ADC_GetConversionValue)
    i.ADC_GetFlagStatus                      0x08001338   Section        0  stm32f30x_adc.o(i.ADC_GetFlagStatus)
    i.ADC_Init                               0x0800134c   Section        0  stm32f30x_adc.o(i.ADC_Init)
    i.ADC_RegularChannelConfig               0x0800138c   Section        0  stm32f30x_adc.o(i.ADC_RegularChannelConfig)
    i.ADC_StartConversion                    0x08001486   Section        0  stm32f30x_adc.o(i.ADC_StartConversion)
    i.ADC_VoltageRegulatorCmd                0x08001490   Section        0  stm32f30x_adc.o(i.ADC_VoltageRegulatorCmd)
    i.BusFault_Handler                       0x080014ae   Section        0  stm32f30x_it.o(i.BusFault_Handler)
    i.DebugMon_Handler                       0x080014b2   Section        0  stm32f30x_it.o(i.DebugMon_Handler)
    i.Delay_10                               0x080014b4   Section        0  systick_delay.o(i.Delay_10)
    i.Delay_ms                               0x080014c8   Section        0  systick_delay.o(i.Delay_ms)
    i.GPIO_Init                              0x080014de   Section        0  stm32f30x_gpio.o(i.GPIO_Init)
    i.GPIO_PinAFConfig                       0x08001574   Section        0  stm32f30x_gpio.o(i.GPIO_PinAFConfig)
    i.HardFault_Handler                      0x080015ba   Section        0  stm32f30x_it.o(i.HardFault_Handler)
    i.MemManage_Handler                      0x080015be   Section        0  stm32f30x_it.o(i.MemManage_Handler)
    i.NMI_Handler                            0x080015c2   Section        0  stm32f30x_it.o(i.NMI_Handler)
    i.PendSV_Handler                         0x080015c4   Section        0  stm32f30x_it.o(i.PendSV_Handler)
    i.RCC_ADCCLKConfig                       0x080015c8   Section        0  stm32f30x_rcc.o(i.RCC_ADCCLKConfig)
    i.RCC_AHBPeriphClockCmd                  0x080015f8   Section        0  stm32f30x_rcc.o(i.RCC_AHBPeriphClockCmd)
    i.RCC_APB1PeriphClockCmd                 0x08001618   Section        0  stm32f30x_rcc.o(i.RCC_APB1PeriphClockCmd)
    i.RCC_GetClocksFreq                      0x08001638   Section        0  stm32f30x_rcc.o(i.RCC_GetClocksFreq)
    i.SVC_Handler                            0x08001ba0   Section        0  stm32f30x_it.o(i.SVC_Handler)
    i.SetSysClock                            0x08001ba4   Section        0  system_stm32f30x.o(i.SetSysClock)
    SetSysClock                              0x08001ba5   Thumb Code   188  system_stm32f30x.o(i.SetSysClock)
    i.SysTick_Handler                        0x08001c68   Section        0  systick_delay.o(i.SysTick_Handler)
    i.SysTick_init                           0x08001c80   Section        0  systick_delay.o(i.SysTick_init)
    i.SystemCoreClockUpdate                  0x08001ce4   Section        0  system_stm32f30x.o(i.SystemCoreClockUpdate)
    i.SystemInit                             0x08001d84   Section        0  system_stm32f30x.o(i.SystemInit)
    i.UART2_Configure                        0x08001e08   Section        0  main.o(i.UART2_Configure)
    i.UART_SendString                        0x08001e90   Section        0  main.o(i.UART_SendString)
    i.USART_Cmd                              0x08001eb8   Section        0  stm32f30x_usart.o(i.USART_Cmd)
    i.USART_GetFlagStatus                    0x08001ece   Section        0  stm32f30x_usart.o(i.USART_GetFlagStatus)
    i.USART_Init                             0x08001ee0   Section        0  stm32f30x_usart.o(i.USART_Init)
    i.USART_SendData                         0x08001fcc   Section        0  stm32f30x_usart.o(i.USART_SendData)
    i.UsageFault_Handler                     0x08001fd4   Section        0  stm32f30x_it.o(i.UsageFault_Handler)
    i.__ARM_fpclassify                       0x08001fd8   Section        0  fpclassify.o(i.__ARM_fpclassify)
    i.__hardfp_pow                           0x08002008   Section        0  pow.o(i.__hardfp_pow)
    i.__kernel_poly                          0x08002c58   Section        0  poly.o(i.__kernel_poly)
    i.__mathlib_dbl_divzero                  0x08002d50   Section        0  dunder.o(i.__mathlib_dbl_divzero)
    i.__mathlib_dbl_infnan2                  0x08002d80   Section        0  dunder.o(i.__mathlib_dbl_infnan2)
    i.__mathlib_dbl_invalid                  0x08002d98   Section        0  dunder.o(i.__mathlib_dbl_invalid)
    i.__mathlib_dbl_overflow                 0x08002db8   Section        0  dunder.o(i.__mathlib_dbl_overflow)
    i.__mathlib_dbl_underflow                0x08002dd8   Section        0  dunder.o(i.__mathlib_dbl_underflow)
    i.fabs                                   0x08002df8   Section        0  fabs.o(i.fabs)
    i.main                                   0x08002e10   Section        0  main.o(i.main)
    i.sqrt                                   0x08002fc0   Section        0  sqrt.o(i.sqrt)
    locale$$code                             0x08003030   Section       44  lc_numeric_c.o(locale$$code)
    x$fpl$basic                              0x0800305c   Section       24  basic.o(x$fpl$basic)
    $v0                                      0x0800305c   Number         0  basic.o(x$fpl$basic)
    x$fpl$d2f                                0x08003074   Section       98  d2f.o(x$fpl$d2f)
    $v0                                      0x08003074   Number         0  d2f.o(x$fpl$d2f)
    x$fpl$dadd                               0x080030d8   Section      336  daddsub_clz.o(x$fpl$dadd)
    $v0                                      0x080030d8   Number         0  daddsub_clz.o(x$fpl$dadd)
    _dadd1                                   0x080030e9   Thumb Code     0  daddsub_clz.o(x$fpl$dadd)
    x$fpl$dcheck1                            0x08003228   Section       16  dcheck1.o(x$fpl$dcheck1)
    $v0                                      0x08003228   Number         0  dcheck1.o(x$fpl$dcheck1)
    x$fpl$dcmpinf                            0x08003238   Section       24  dcmpi.o(x$fpl$dcmpinf)
    $v0                                      0x08003238   Number         0  dcmpi.o(x$fpl$dcmpinf)
    x$fpl$ddiv                               0x08003250   Section      688  ddiv.o(x$fpl$ddiv)
    $v0                                      0x08003250   Number         0  ddiv.o(x$fpl$ddiv)
    ddiv_entry                               0x08003257   Thumb Code     0  ddiv.o(x$fpl$ddiv)
    x$fpl$dflt                               0x08003500   Section       46  dflt_clz.o(x$fpl$dflt)
    $v0                                      0x08003500   Number         0  dflt_clz.o(x$fpl$dflt)
    x$fpl$dfltu                              0x0800352e   Section       38  dflt_clz.o(x$fpl$dfltu)
    $v0                                      0x0800352e   Number         0  dflt_clz.o(x$fpl$dfltu)
    x$fpl$dleqf                              0x08003554   Section      120  dleqf.o(x$fpl$dleqf)
    $v0                                      0x08003554   Number         0  dleqf.o(x$fpl$dleqf)
    x$fpl$dmul                               0x080035cc   Section      340  dmul.o(x$fpl$dmul)
    $v0                                      0x080035cc   Number         0  dmul.o(x$fpl$dmul)
    x$fpl$dnaninf                            0x08003720   Section      156  dnaninf.o(x$fpl$dnaninf)
    $v0                                      0x08003720   Number         0  dnaninf.o(x$fpl$dnaninf)
    x$fpl$dretinf                            0x080037bc   Section       12  dretinf.o(x$fpl$dretinf)
    $v0                                      0x080037bc   Number         0  dretinf.o(x$fpl$dretinf)
    x$fpl$drleqf                             0x080037c8   Section      108  drleqf.o(x$fpl$drleqf)
    $v0                                      0x080037c8   Number         0  drleqf.o(x$fpl$drleqf)
    x$fpl$drsb                               0x08003834   Section       22  daddsub_clz.o(x$fpl$drsb)
    $v0                                      0x08003834   Number         0  daddsub_clz.o(x$fpl$drsb)
    x$fpl$dsqrt                              0x0800384c   Section      408  dsqrt_umaal.o(x$fpl$dsqrt)
    $v0                                      0x0800384c   Number         0  dsqrt_umaal.o(x$fpl$dsqrt)
    x$fpl$dsub                               0x080039e4   Section      468  daddsub_clz.o(x$fpl$dsub)
    $v0                                      0x080039e4   Number         0  daddsub_clz.o(x$fpl$dsub)
    _dsub1                                   0x080039f5   Thumb Code     0  daddsub_clz.o(x$fpl$dsub)
    x$fpl$f2d                                0x08003bb8   Section       86  f2d.o(x$fpl$f2d)
    $v0                                      0x08003bb8   Number         0  f2d.o(x$fpl$f2d)
    x$fpl$fnaninf                            0x08003c0e   Section      140  fnaninf.o(x$fpl$fnaninf)
    $v0                                      0x08003c0e   Number         0  fnaninf.o(x$fpl$fnaninf)
    x$fpl$fpinit                             0x08003c9a   Section       10  fpinit.o(x$fpl$fpinit)
    $v0                                      0x08003c9a   Number         0  fpinit.o(x$fpl$fpinit)
    x$fpl$fretinf                            0x08003ca4   Section       10  fretinf.o(x$fpl$fretinf)
    $v0                                      0x08003ca4   Number         0  fretinf.o(x$fpl$fretinf)
    x$fpl$printf1                            0x08003cae   Section        4  printf1.o(x$fpl$printf1)
    $v0                                      0x08003cae   Number         0  printf1.o(x$fpl$printf1)
    x$fpl$retnan                             0x08003cb2   Section      100  retnan.o(x$fpl$retnan)
    $v0                                      0x08003cb2   Number         0  retnan.o(x$fpl$retnan)
    x$fpl$scalbn                             0x08003d16   Section       92  scalbn.o(x$fpl$scalbn)
    $v0                                      0x08003d16   Number         0  scalbn.o(x$fpl$scalbn)
    x$fpl$trapveneer                         0x08003d72   Section       48  trapv.o(x$fpl$trapveneer)
    $v0                                      0x08003d72   Number         0  trapv.o(x$fpl$trapveneer)
    x$fpl$usenofp                            0x08003da2   Section        0  usenofp.o(x$fpl$usenofp)
    .constdata                               0x08003da8   Section      136  pow.o(.constdata)
    bp                                       0x08003da8   Data          16  pow.o(.constdata)
    dp_h                                     0x08003db8   Data          16  pow.o(.constdata)
    dp_l                                     0x08003dc8   Data          16  pow.o(.constdata)
    L                                        0x08003dd8   Data          48  pow.o(.constdata)
    P                                        0x08003e08   Data          40  pow.o(.constdata)
    .constdata                               0x08003e30   Section        8  qnan.o(.constdata)
    .constdata                               0x08003e38   Section      148  bigflt0.o(.constdata)
    tenpwrs_x                                0x08003e38   Data          60  bigflt0.o(.constdata)
    tenpwrs_i                                0x08003e74   Data          64  bigflt0.o(.constdata)
    locale$$data                             0x08003eec   Section       28  lc_numeric_c.o(locale$$data)
    __lcnum_c_name                           0x08003ef0   Data           2  lc_numeric_c.o(locale$$data)
    __lcnum_c_start                          0x08003ef8   Data           0  lc_numeric_c.o(locale$$data)
    __lcnum_c_point                          0x08003f04   Data           0  lc_numeric_c.o(locale$$data)
    __lcnum_c_thousands                      0x08003f06   Data           0  lc_numeric_c.o(locale$$data)
    __lcnum_c_grouping                       0x08003f07   Data           0  lc_numeric_c.o(locale$$data)
    __lcnum_c_end                            0x08003f08   Data           0  lc_numeric_c.o(locale$$data)
    .data                                    0x20000000   Section       48  stm32f30x_rcc.o(.data)
    APBAHBPrescTable                         0x20000000   Data          16  stm32f30x_rcc.o(.data)
    ADCPrescTable                            0x20000010   Data          32  stm32f30x_rcc.o(.data)
    .data                                    0x20000030   Section       20  system_stm32f30x.o(.data)
    .data                                    0x20000044   Section        4  systick_delay.o(.data)
    .bss                                     0x20000048   Section       96  libspace.o(.bss)
    HEAP                                     0x200000a8   Section      512  startup_stm32f334x8.o(HEAP)
    Heap_Mem                                 0x200000a8   Data         512  startup_stm32f334x8.o(HEAP)
    STACK                                    0x200002a8   Section     1024  startup_stm32f334x8.o(STACK)
    Stack_Mem                                0x200002a8   Data        1024  startup_stm32f334x8.o(STACK)
    __initial_sp                             0x200006a8   Data           0  startup_stm32f334x8.o(STACK)

    Global Symbols

    Symbol Name                              Value     Ov Type        Size  Object(Section)

    BuildAttributes$$THM_ISAv4$E$P$D$K$B$S$7EM$VFPi3$EXTD16$VFPS$VFMA$PE$A:L22UL41UL21$X:L11$S22US41US21$IEEE1$IW$USESV6$~STKCKD$USESV7$~SHL$OTIME$ROPI$IEEEX$EBA8$UX$STANDARDLIB$REQ8$PRES8$EABIv2 0x00000000   Number         0  anon$$obj.o ABSOLUTE
    __ARM_use_no_argv                        0x00000000   Number         0  main.o ABSOLUTE
    __ARM_exceptions_init                     - Undefined Weak Reference
    __alloca_initialize                       - Undefined Weak Reference
    __arm_preinit_                            - Undefined Weak Reference
    __cpp_initialize__aeabi_                  - Undefined Weak Reference
    __cxa_finalize                            - Undefined Weak Reference
    __sigvec_lookup                           - Undefined Weak Reference
    _atexit_init                              - Undefined Weak Reference
    _call_atexit_fns                          - Undefined Weak Reference
    _clock_init                               - Undefined Weak Reference
    _fp_trap_init                             - Undefined Weak Reference
    _fp_trap_shutdown                         - Undefined Weak Reference
    _get_lc_collate                           - Undefined Weak Reference
    _get_lc_ctype                             - Undefined Weak Reference
    _get_lc_monetary                          - Undefined Weak Reference
    _get_lc_time                              - Undefined Weak Reference
    _getenv_init                              - Undefined Weak Reference
    _handle_redirection                       - Undefined Weak Reference
    _init_alloc                               - Undefined Weak Reference
    _init_user_alloc                          - Undefined Weak Reference
    _initio                                   - Undefined Weak Reference
    _printf_post_padding                      - Undefined Weak Reference
    _printf_pre_padding                       - Undefined Weak Reference
    _rand_init                                - Undefined Weak Reference
    _signal_finish                            - Undefined Weak Reference
    _signal_init                              - Undefined Weak Reference
    _terminate_alloc                          - Undefined Weak Reference
    _terminate_user_alloc                     - Undefined Weak Reference
    _terminateio                              - Undefined Weak Reference
    __Vectors_Size                           0x00000188   Number         0  startup_stm32f334x8.o ABSOLUTE
    __Vectors                                0x08000000   Data           4  startup_stm32f334x8.o(RESET)
    __Vectors_End                            0x08000188   Data           0  startup_stm32f334x8.o(RESET)
    __main                                   0x08000189   Thumb Code     8  __main.o(!!!main)
    __scatterload                            0x08000191   Thumb Code     0  __scatter.o(!!!scatter)
    __scatterload_rt2                        0x08000191   Thumb Code    44  __scatter.o(!!!scatter)
    __scatterload_rt2_thumb_only             0x08000191   Thumb Code     0  __scatter.o(!!!scatter)
    __scatterload_null                       0x0800019f   Thumb Code     0  __scatter.o(!!!scatter)
    __scatterload_copy                       0x080001c5   Thumb Code    26  __scatter_copy.o(!!handler_copy)
    __scatterload_zeroinit                   0x080001e1   Thumb Code    28  __scatter_zi.o(!!handler_zi)
    _printf_f                                0x080001fd   Thumb Code     0  _printf_f.o(.ARM.Collect$$_printf_percent$$00000003)
    _printf_percent                          0x080001fd   Thumb Code     0  _printf_percent.o(.ARM.Collect$$_printf_percent$$00000000)
    _printf_percent_end                      0x08000203   Thumb Code     0  _printf_percent_end.o(.ARM.Collect$$_printf_percent$$00000017)
    __rt_lib_init                            0x08000207   Thumb Code     0  libinit.o(.ARM.Collect$$libinit$$00000000)
    __rt_lib_init_fp_1                       0x08000209   Thumb Code     0  libinit2.o(.ARM.Collect$$libinit$$00000001)
    __rt_lib_init_heap_1                     0x0800020d   Thumb Code     0  libinit2.o(.ARM.Collect$$libinit$$0000000A)
    __rt_lib_init_lc_common                  0x0800020d   Thumb Code     0  libinit2.o(.ARM.Collect$$libinit$$0000000F)
    __rt_lib_init_preinit_1                  0x0800020d   Thumb Code     0  libinit2.o(.ARM.Collect$$libinit$$00000004)
    __rt_lib_init_rand_1                     0x0800020d   Thumb Code     0  libinit2.o(.ARM.Collect$$libinit$$0000000E)
    __rt_lib_init_user_alloc_1               0x0800020d   Thumb Code     0  libinit2.o(.ARM.Collect$$libinit$$0000000C)
    __rt_lib_init_lc_collate_1               0x08000213   Thumb Code     0  libinit2.o(.ARM.Collect$$libinit$$00000011)
    __rt_lib_init_lc_ctype_1                 0x08000213   Thumb Code     0  libinit2.o(.ARM.Collect$$libinit$$00000013)
    __rt_lib_init_lc_monetary_1              0x08000213   Thumb Code     0  libinit2.o(.ARM.Collect$$libinit$$00000015)
    __rt_lib_init_lc_numeric_2               0x08000213   Thumb Code     0  libinit2.o(.ARM.Collect$$libinit$$00000016)
    __rt_lib_init_alloca_1                   0x0800021d   Thumb Code     0  libinit2.o(.ARM.Collect$$libinit$$0000002E)
    __rt_lib_init_argv_1                     0x0800021d   Thumb Code     0  libinit2.o(.ARM.Collect$$libinit$$0000002C)
    __rt_lib_init_atexit_1                   0x0800021d   Thumb Code     0  libinit2.o(.ARM.Collect$$libinit$$0000001B)
    __rt_lib_init_clock_1                    0x0800021d   Thumb Code     0  libinit2.o(.ARM.Collect$$libinit$$00000021)
    __rt_lib_init_cpp_1                      0x0800021d   Thumb Code     0  libinit2.o(.ARM.Collect$$libinit$$00000032)
    __rt_lib_init_exceptions_1               0x0800021d   Thumb Code     0  libinit2.o(.ARM.Collect$$libinit$$00000030)
    __rt_lib_init_fp_trap_1                  0x0800021d   Thumb Code     0  libinit2.o(.ARM.Collect$$libinit$$0000001F)
    __rt_lib_init_getenv_1                   0x0800021d   Thumb Code     0  libinit2.o(.ARM.Collect$$libinit$$00000023)
    __rt_lib_init_lc_numeric_1               0x0800021d   Thumb Code     0  libinit2.o(.ARM.Collect$$libinit$$00000017)
    __rt_lib_init_lc_time_1                  0x0800021d   Thumb Code     0  libinit2.o(.ARM.Collect$$libinit$$00000019)
    __rt_lib_init_return                     0x0800021d   Thumb Code     0  libinit2.o(.ARM.Collect$$libinit$$00000033)
    __rt_lib_init_signal_1                   0x0800021d   Thumb Code     0  libinit2.o(.ARM.Collect$$libinit$$0000001D)
    __rt_lib_init_stdio_1                    0x0800021d   Thumb Code     0  libinit2.o(.ARM.Collect$$libinit$$00000025)
    __rt_lib_shutdown                        0x0800021f   Thumb Code     0  libshutdown.o(.ARM.Collect$$libshutdown$$00000000)
    __rt_lib_shutdown_cpp_1                  0x08000221   Thumb Code     0  libshutdown2.o(.ARM.Collect$$libshutdown$$00000002)
    __rt_lib_shutdown_fp_trap_1              0x08000221   Thumb Code     0  libshutdown2.o(.ARM.Collect$$libshutdown$$00000007)
    __rt_lib_shutdown_heap_1                 0x08000221   Thumb Code     0  libshutdown2.o(.ARM.Collect$$libshutdown$$0000000F)
    __rt_lib_shutdown_return                 0x08000221   Thumb Code     0  libshutdown2.o(.ARM.Collect$$libshutdown$$00000010)
    __rt_lib_shutdown_signal_1               0x08000221   Thumb Code     0  libshutdown2.o(.ARM.Collect$$libshutdown$$0000000A)
    __rt_lib_shutdown_stdio_1                0x08000221   Thumb Code     0  libshutdown2.o(.ARM.Collect$$libshutdown$$00000004)
    __rt_lib_shutdown_user_alloc_1           0x08000221   Thumb Code     0  libshutdown2.o(.ARM.Collect$$libshutdown$$0000000C)
    __rt_entry                               0x08000223   Thumb Code     0  __rtentry.o(.ARM.Collect$$rtentry$$00000000)
    __rt_entry_presh_1                       0x08000223   Thumb Code     0  __rtentry2.o(.ARM.Collect$$rtentry$$00000002)
    __rt_entry_sh                            0x08000223   Thumb Code     0  __rtentry4.o(.ARM.Collect$$rtentry$$00000004)
    __rt_entry_li                            0x08000229   Thumb Code     0  __rtentry2.o(.ARM.Collect$$rtentry$$0000000A)
    __rt_entry_postsh_1                      0x08000229   Thumb Code     0  __rtentry2.o(.ARM.Collect$$rtentry$$00000009)
    __rt_entry_main                          0x0800022d   Thumb Code     0  __rtentry2.o(.ARM.Collect$$rtentry$$0000000D)
    __rt_entry_postli_1                      0x0800022d   Thumb Code     0  __rtentry2.o(.ARM.Collect$$rtentry$$0000000C)
    __rt_exit                                0x08000235   Thumb Code     0  rtexit.o(.ARM.Collect$$rtexit$$00000000)
    __rt_exit_ls                             0x08000237   Thumb Code     0  rtexit2.o(.ARM.Collect$$rtexit$$00000003)
    __rt_exit_prels_1                        0x08000237   Thumb Code     0  rtexit2.o(.ARM.Collect$$rtexit$$00000002)
    __rt_exit_exit                           0x0800023b   Thumb Code     0  rtexit2.o(.ARM.Collect$$rtexit$$00000004)
    Reset_Handler                            0x08000241   Thumb Code     8  startup_stm32f334x8.o(.text)
    ADC1_2_IRQHandler                        0x0800025b   Thumb Code     0  startup_stm32f334x8.o(.text)
    CAN1_RX0_IRQHandler                      0x0800025b   Thumb Code     0  startup_stm32f334x8.o(.text)
    CAN1_RX1_IRQHandler                      0x0800025b   Thumb Code     0  startup_stm32f334x8.o(.text)
    CAN1_SCE_IRQHandler                      0x0800025b   Thumb Code     0  startup_stm32f334x8.o(.text)
    CAN1_TX_IRQHandler                       0x0800025b   Thumb Code     0  startup_stm32f334x8.o(.text)
    COMP2_IRQHandler                         0x0800025b   Thumb Code     0  startup_stm32f334x8.o(.text)
    COMP4_6_IRQHandler                       0x0800025b   Thumb Code     0  startup_stm32f334x8.o(.text)
    DMA1_Channel1_IRQHandler                 0x0800025b   Thumb Code     0  startup_stm32f334x8.o(.text)
    DMA1_Channel2_IRQHandler                 0x0800025b   Thumb Code     0  startup_stm32f334x8.o(.text)
    DMA1_Channel3_IRQHandler                 0x0800025b   Thumb Code     0  startup_stm32f334x8.o(.text)
    DMA1_Channel4_IRQHandler                 0x0800025b   Thumb Code     0  startup_stm32f334x8.o(.text)
    DMA1_Channel5_IRQHandler                 0x0800025b   Thumb Code     0  startup_stm32f334x8.o(.text)
    DMA1_Channel6_IRQHandler                 0x0800025b   Thumb Code     0  startup_stm32f334x8.o(.text)
    DMA1_Channel7_IRQHandler                 0x0800025b   Thumb Code     0  startup_stm32f334x8.o(.text)
    EXTI0_IRQHandler                         0x0800025b   Thumb Code     0  startup_stm32f334x8.o(.text)
    EXTI15_10_IRQHandler                     0x0800025b   Thumb Code     0  startup_stm32f334x8.o(.text)
    EXTI1_IRQHandler                         0x0800025b   Thumb Code     0  startup_stm32f334x8.o(.text)
    EXTI2_TS_IRQHandler                      0x0800025b   Thumb Code     0  startup_stm32f334x8.o(.text)
    EXTI3_IRQHandler                         0x0800025b   Thumb Code     0  startup_stm32f334x8.o(.text)
    EXTI4_IRQHandler                         0x0800025b   Thumb Code     0  startup_stm32f334x8.o(.text)
    EXTI9_5_IRQHandler                       0x0800025b   Thumb Code     0  startup_stm32f334x8.o(.text)
    FLASH_IRQHandler                         0x0800025b   Thumb Code     0  startup_stm32f334x8.o(.text)
    FPU_IRQHandler                           0x0800025b   Thumb Code     0  startup_stm32f334x8.o(.text)
    HRTIM1_FLT_IRQHandler                    0x0800025b   Thumb Code     0  startup_stm32f334x8.o(.text)
    HRTIM1_Master_IRQHandler                 0x0800025b   Thumb Code     0  startup_stm32f334x8.o(.text)
    HRTIM1_TIMA_IRQHandler                   0x0800025b   Thumb Code     0  startup_stm32f334x8.o(.text)
    HRTIM1_TIMB_IRQHandler                   0x0800025b   Thumb Code     0  startup_stm32f334x8.o(.text)
    HRTIM1_TIMC_IRQHandler                   0x0800025b   Thumb Code     0  startup_stm32f334x8.o(.text)
    HRTIM1_TIMD_IRQHandler                   0x0800025b   Thumb Code     0  startup_stm32f334x8.o(.text)
    HRTIM1_TIME_IRQHandler                   0x0800025b   Thumb Code     0  startup_stm32f334x8.o(.text)
    I2C1_ER_IRQHandler                       0x0800025b   Thumb Code     0  startup_stm32f334x8.o(.text)
    I2C1_EV_IRQHandler                       0x0800025b   Thumb Code     0  startup_stm32f334x8.o(.text)
    PVD_IRQHandler                           0x0800025b   Thumb Code     0  startup_stm32f334x8.o(.text)
    RCC_IRQHandler                           0x0800025b   Thumb Code     0  startup_stm32f334x8.o(.text)
    RTC_Alarm_IRQHandler                     0x0800025b   Thumb Code     0  startup_stm32f334x8.o(.text)
    RTC_WKUP_IRQHandler                      0x0800025b   Thumb Code     0  startup_stm32f334x8.o(.text)
    SPI1_IRQHandler                          0x0800025b   Thumb Code     0  startup_stm32f334x8.o(.text)
    TAMPER_STAMP_IRQHandler                  0x0800025b   Thumb Code     0  startup_stm32f334x8.o(.text)
    TIM1_BRK_TIM15_IRQHandler                0x0800025b   Thumb Code     0  startup_stm32f334x8.o(.text)
    TIM1_CC_IRQHandler                       0x0800025b   Thumb Code     0  startup_stm32f334x8.o(.text)
    TIM1_TRG_COM_TIM17_IRQHandler            0x0800025b   Thumb Code     0  startup_stm32f334x8.o(.text)
    TIM1_UP_TIM16_IRQHandler                 0x0800025b   Thumb Code     0  startup_stm32f334x8.o(.text)
    TIM2_IRQHandler                          0x0800025b   Thumb Code     0  startup_stm32f334x8.o(.text)
    TIM3_IRQHandler                          0x0800025b   Thumb Code     0  startup_stm32f334x8.o(.text)
    TIM6_DAC1_IRQHandler                     0x0800025b   Thumb Code     0  startup_stm32f334x8.o(.text)
    TIM7_DAC2_IRQHandler                     0x0800025b   Thumb Code     0  startup_stm32f334x8.o(.text)
    USART1_IRQHandler                        0x0800025b   Thumb Code     0  startup_stm32f334x8.o(.text)
    USART2_IRQHandler                        0x0800025b   Thumb Code     0  startup_stm32f334x8.o(.text)
    USART3_IRQHandler                        0x0800025b   Thumb Code     0  startup_stm32f334x8.o(.text)
    WWDG_IRQHandler                          0x0800025b   Thumb Code     0  startup_stm32f334x8.o(.text)
    __user_initial_stackheap                 0x0800025d   Thumb Code     0  startup_stm32f334x8.o(.text)
    __2sprintf                               0x08000281   Thumb Code    34  noretval__2sprintf.o(.text)
    __printf                                 0x080002a9   Thumb Code   104  __printf.o(.text)
    __use_two_region_memory                  0x08000311   Thumb Code     2  heapauxi.o(.text)
    __rt_heap_escrow$2region                 0x08000313   Thumb Code     2  heapauxi.o(.text)
    __rt_heap_expand$2region                 0x08000315   Thumb Code     2  heapauxi.o(.text)
    __read_errno                             0x08000317   Thumb Code    10  _rserrno.o(.text)
    __set_errno                              0x08000321   Thumb Code    12  _rserrno.o(.text)
    __lib_sel_fp_printf                      0x0800032d   Thumb Code     2  _printf_fp_dec.o(.text)
    _printf_fp_dec_real                      0x080004df   Thumb Code   620  _printf_fp_dec.o(.text)
    _printf_char_common                      0x08000757   Thumb Code    32  _printf_char_common.o(.text)
    _sputc                                   0x0800077d   Thumb Code    10  _sputc.o(.text)
    __rt_locale                              0x08000789   Thumb Code     8  rt_locale_intlibspace.o(.text)
    __aeabi_errno_addr                       0x08000791   Thumb Code     8  rt_errno_addr_intlibspace.o(.text)
    __errno$intlibspace                      0x08000791   Thumb Code     0  rt_errno_addr_intlibspace.o(.text)
    __rt_errno_addr$intlibspace              0x08000791   Thumb Code     0  rt_errno_addr_intlibspace.o(.text)
    _ll_udiv10                               0x08000799   Thumb Code   138  lludiv10.o(.text)
    _printf_fp_infnan                        0x08000825   Thumb Code   112  _printf_fp_infnan.o(.text)
    _btod_etento                             0x080008a5   Thumb Code   224  bigflt0.o(.text)
    __user_libspace                          0x08000989   Thumb Code     8  libspace.o(.text)
    __user_perproc_libspace                  0x08000989   Thumb Code     0  libspace.o(.text)
    __user_perthread_libspace                0x08000989   Thumb Code     0  libspace.o(.text)
    __user_setup_stackheap                   0x08000991   Thumb Code    74  sys_stackheap_outer.o(.text)
    exit                                     0x080009db   Thumb Code    18  exit.o(.text)
    strcmp                                   0x080009ed   Thumb Code   128  strcmpv7m.o(.text)
    _sys_exit                                0x08000a6d   Thumb Code     8  sys_exit.o(.text)
    __I$use$semihosting                      0x08000a79   Thumb Code     0  use_no_semi.o(.text)
    __use_no_semihosting_swi                 0x08000a79   Thumb Code     2  use_no_semi.o(.text)
    __semihosting_library_function           0x08000a7b   Thumb Code     0  indicate_semi.o(.text)
    _btod_d2e                                0x08000a7b   Thumb Code    62  btod.o(CL$$btod_d2e)
    _d2e_denorm_low                          0x08000ab9   Thumb Code    70  btod.o(CL$$btod_d2e_denorm_low)
    _d2e_norm_op1                            0x08000aff   Thumb Code    96  btod.o(CL$$btod_d2e_norm_op1)
    __btod_div_common                        0x08000b5f   Thumb Code   696  btod.o(CL$$btod_div_common)
    _e2e                                     0x08000e97   Thumb Code   220  btod.o(CL$$btod_e2e)
    _btod_ediv                               0x08000f73   Thumb Code    42  btod.o(CL$$btod_ediv)
    _btod_emul                               0x08000f9d   Thumb Code    42  btod.o(CL$$btod_emul)
    __btod_mult_common                       0x08000fc7   Thumb Code   580  btod.o(CL$$btod_mult_common)
    ADC1_Init                                0x0800120b   Thumb Code   148  main.o(i.ADC1_Init)
    ADC_AutoDelayCmd                         0x0800129f   Thumb Code    22  stm32f30x_adc.o(i.ADC_AutoDelayCmd)
    ADC_Cmd                                  0x080012b5   Thumb Code    22  stm32f30x_adc.o(i.ADC_Cmd)
    ADC_CommonInit                           0x080012cd   Thumb Code    82  stm32f30x_adc.o(i.ADC_CommonInit)
    ADC_GetConversionValue                   0x08001331   Thumb Code     8  stm32f30x_adc.o(i.ADC_GetConversionValue)
    ADC_GetFlagStatus                        0x08001339   Thumb Code    18  stm32f30x_adc.o(i.ADC_GetFlagStatus)
    ADC_Init                                 0x0800134d   Thumb Code    58  stm32f30x_adc.o(i.ADC_Init)
    ADC_RegularChannelConfig                 0x0800138d   Thumb Code   250  stm32f30x_adc.o(i.ADC_RegularChannelConfig)
    ADC_StartConversion                      0x08001487   Thumb Code    10  stm32f30x_adc.o(i.ADC_StartConversion)
    ADC_VoltageRegulatorCmd                  0x08001491   Thumb Code    30  stm32f30x_adc.o(i.ADC_VoltageRegulatorCmd)
    BusFault_Handler                         0x080014af   Thumb Code     4  stm32f30x_it.o(i.BusFault_Handler)
    DebugMon_Handler                         0x080014b3   Thumb Code     2  stm32f30x_it.o(i.DebugMon_Handler)
    Delay_10                                 0x080014b5   Thumb Code    16  systick_delay.o(i.Delay_10)
    Delay_ms                                 0x080014c9   Thumb Code    22  systick_delay.o(i.Delay_ms)
    GPIO_Init                                0x080014df   Thumb Code   150  stm32f30x_gpio.o(i.GPIO_Init)
    GPIO_PinAFConfig                         0x08001575   Thumb Code    70  stm32f30x_gpio.o(i.GPIO_PinAFConfig)
    HardFault_Handler                        0x080015bb   Thumb Code     4  stm32f30x_it.o(i.HardFault_Handler)
    MemManage_Handler                        0x080015bf   Thumb Code     4  stm32f30x_it.o(i.MemManage_Handler)
    NMI_Handler                              0x080015c3   Thumb Code     2  stm32f30x_it.o(i.NMI_Handler)
    PendSV_Handler                           0x080015c5   Thumb Code     2  stm32f30x_it.o(i.PendSV_Handler)
    RCC_ADCCLKConfig                         0x080015c9   Thumb Code    44  stm32f30x_rcc.o(i.RCC_ADCCLKConfig)
    RCC_AHBPeriphClockCmd                    0x080015f9   Thumb Code    26  stm32f30x_rcc.o(i.RCC_AHBPeriphClockCmd)
    RCC_APB1PeriphClockCmd                   0x08001619   Thumb Code    26  stm32f30x_rcc.o(i.RCC_APB1PeriphClockCmd)
    RCC_GetClocksFreq                        0x08001639   Thumb Code  1364  stm32f30x_rcc.o(i.RCC_GetClocksFreq)
    SVC_Handler                              0x08001ba1   Thumb Code     2  stm32f30x_it.o(i.SVC_Handler)
    SysTick_Handler                          0x08001c69   Thumb Code    18  systick_delay.o(i.SysTick_Handler)
    SysTick_init                             0x08001c81   Thumb Code    84  systick_delay.o(i.SysTick_init)
    SystemCoreClockUpdate                    0x08001ce5   Thumb Code   138  system_stm32f30x.o(i.SystemCoreClockUpdate)
    SystemInit                               0x08001d85   Thumb Code   112  system_stm32f30x.o(i.SystemInit)
    UART2_Configure                          0x08001e09   Thumb Code   130  main.o(i.UART2_Configure)
    UART_SendString                          0x08001e91   Thumb Code    40  main.o(i.UART_SendString)
    USART_Cmd                                0x08001eb9   Thumb Code    22  stm32f30x_usart.o(i.USART_Cmd)
    USART_GetFlagStatus                      0x08001ecf   Thumb Code    18  stm32f30x_usart.o(i.USART_GetFlagStatus)
    USART_Init                               0x08001ee1   Thumb Code   220  stm32f30x_usart.o(i.USART_Init)
    USART_SendData                           0x08001fcd   Thumb Code     8  stm32f30x_usart.o(i.USART_SendData)
    UsageFault_Handler                       0x08001fd5   Thumb Code     4  stm32f30x_it.o(i.UsageFault_Handler)
    __ARM_fpclassify                         0x08001fd9   Thumb Code    48  fpclassify.o(i.__ARM_fpclassify)
    __hardfp_pow                             0x08002009   Thumb Code  3072  pow.o(i.__hardfp_pow)
    __kernel_poly                            0x08002c59   Thumb Code   248  poly.o(i.__kernel_poly)
    __mathlib_dbl_divzero                    0x08002d51   Thumb Code    28  dunder.o(i.__mathlib_dbl_divzero)
    __mathlib_dbl_infnan2                    0x08002d81   Thumb Code    20  dunder.o(i.__mathlib_dbl_infnan2)
    __mathlib_dbl_invalid                    0x08002d99   Thumb Code    24  dunder.o(i.__mathlib_dbl_invalid)
    __mathlib_dbl_overflow                   0x08002db9   Thumb Code    24  dunder.o(i.__mathlib_dbl_overflow)
    __mathlib_dbl_underflow                  0x08002dd9   Thumb Code    24  dunder.o(i.__mathlib_dbl_underflow)
    fabs                                     0x08002df9   Thumb Code    24  fabs.o(i.fabs)
    main                                     0x08002e11   Thumb Code   352  main.o(i.main)
    sqrt                                     0x08002fc1   Thumb Code   110  sqrt.o(i.sqrt)
    _get_lc_numeric                          0x08003031   Thumb Code    44  lc_numeric_c.o(locale$$code)
    __aeabi_dneg                             0x0800305d   Thumb Code     0  basic.o(x$fpl$basic)
    _dneg                                    0x0800305d   Thumb Code     6  basic.o(x$fpl$basic)
    __aeabi_fneg                             0x08003063   Thumb Code     0  basic.o(x$fpl$basic)
    _fneg                                    0x08003063   Thumb Code     6  basic.o(x$fpl$basic)
    _dabs                                    0x08003069   Thumb Code     6  basic.o(x$fpl$basic)
    _fabs                                    0x0800306f   Thumb Code     6  basic.o(x$fpl$basic)
    __aeabi_d2f                              0x08003075   Thumb Code     0  d2f.o(x$fpl$d2f)
    _d2f                                     0x08003075   Thumb Code    98  d2f.o(x$fpl$d2f)
    __aeabi_dadd                             0x080030d9   Thumb Code     0  daddsub_clz.o(x$fpl$dadd)
    _dadd                                    0x080030d9   Thumb Code   332  daddsub_clz.o(x$fpl$dadd)
    __fpl_dcheck_NaN1                        0x08003229   Thumb Code    10  dcheck1.o(x$fpl$dcheck1)
    __fpl_dcmp_Inf                           0x08003239   Thumb Code    24  dcmpi.o(x$fpl$dcmpinf)
    __aeabi_ddiv                             0x08003251   Thumb Code     0  ddiv.o(x$fpl$ddiv)
    _ddiv                                    0x08003251   Thumb Code   552  ddiv.o(x$fpl$ddiv)
    __aeabi_i2d                              0x08003501   Thumb Code     0  dflt_clz.o(x$fpl$dflt)
    _dflt                                    0x08003501   Thumb Code    46  dflt_clz.o(x$fpl$dflt)
    __aeabi_ui2d                             0x0800352f   Thumb Code     0  dflt_clz.o(x$fpl$dfltu)
    _dfltu                                   0x0800352f   Thumb Code    38  dflt_clz.o(x$fpl$dfltu)
    __aeabi_cdcmple                          0x08003555   Thumb Code     0  dleqf.o(x$fpl$dleqf)
    _dcmple                                  0x08003555   Thumb Code   120  dleqf.o(x$fpl$dleqf)
    __fpl_dcmple_InfNaN                      0x080035b7   Thumb Code     0  dleqf.o(x$fpl$dleqf)
    __aeabi_dmul                             0x080035cd   Thumb Code     0  dmul.o(x$fpl$dmul)
    _dmul                                    0x080035cd   Thumb Code   332  dmul.o(x$fpl$dmul)
    __fpl_dnaninf                            0x08003721   Thumb Code   156  dnaninf.o(x$fpl$dnaninf)
    __fpl_dretinf                            0x080037bd   Thumb Code    12  dretinf.o(x$fpl$dretinf)
    __aeabi_cdrcmple                         0x080037c9   Thumb Code     0  drleqf.o(x$fpl$drleqf)
    _drcmple                                 0x080037c9   Thumb Code   108  drleqf.o(x$fpl$drleqf)
    __aeabi_drsub                            0x08003835   Thumb Code     0  daddsub_clz.o(x$fpl$drsb)
    _drsb                                    0x08003835   Thumb Code    22  daddsub_clz.o(x$fpl$drsb)
    _dsqrt                                   0x0800384d   Thumb Code   404  dsqrt_umaal.o(x$fpl$dsqrt)
    __aeabi_dsub                             0x080039e5   Thumb Code     0  daddsub_clz.o(x$fpl$dsub)
    _dsub                                    0x080039e5   Thumb Code   464  daddsub_clz.o(x$fpl$dsub)
    __aeabi_f2d                              0x08003bb9   Thumb Code     0  f2d.o(x$fpl$f2d)
    _f2d                                     0x08003bb9   Thumb Code    86  f2d.o(x$fpl$f2d)
    __fpl_fnaninf                            0x08003c0f   Thumb Code   140  fnaninf.o(x$fpl$fnaninf)
    _fp_init                                 0x08003c9b   Thumb Code    10  fpinit.o(x$fpl$fpinit)
    __fplib_config_fpu_vfp                   0x08003ca3   Thumb Code     0  fpinit.o(x$fpl$fpinit)
    __fplib_config_pureend_doubles           0x08003ca3   Thumb Code     0  fpinit.o(x$fpl$fpinit)
    __fpl_fretinf                            0x08003ca5   Thumb Code    10  fretinf.o(x$fpl$fretinf)
    _printf_fp_dec                           0x08003caf   Thumb Code     4  printf1.o(x$fpl$printf1)
    __fpl_return_NaN                         0x08003cb3   Thumb Code   100  retnan.o(x$fpl$retnan)
    __ARM_scalbn                             0x08003d17   Thumb Code    92  scalbn.o(x$fpl$scalbn)
    __fpl_cmpreturn                          0x08003d73   Thumb Code    48  trapv.o(x$fpl$trapveneer)
    __I$use$fp                               0x08003da2   Number         0  usenofp.o(x$fpl$usenofp)
    __mathlib_zero                           0x08003e30   Data           8  qnan.o(.constdata)
    Region$$Table$$Base                      0x08003ecc   Number         0  anon$$obj.o(Region$$Table)
    Region$$Table$$Limit                     0x08003eec   Number         0  anon$$obj.o(Region$$Table)
    SystemCoreClock                          0x20000030   Data           4  system_stm32f30x.o(.data)
    AHBPrescTable                            0x20000034   Data          16  system_stm32f30x.o(.data)
    us_10tick                                0x20000044   Data           4  systick_delay.o(.data)
    __libspace_start                         0x20000048   Data          96  libspace.o(.bss)
    __temporary_stack_top$libspace           0x200000a8   Data           0  libspace.o(.bss)



==============================================================================

Memory Map of the image

  Image Entry point : 0x08000189

  Load Region LR_IROM1 (Base: 0x08000000, Size: 0x00003f50, Max: 0x00010000, ABSOLUTE)

    Execution Region ER_IROM1 (Exec base: 0x08000000, Load base: 0x08000000, Size: 0x00003f08, Max: 0x00010000, ABSOLUTE)

    Exec Addr    Load Addr    Size         Type   Attr      Idx    E Section Name        Object

    0x08000000   0x08000000   0x00000188   Data   RO         2207    RESET               startup_stm32f334x8.o
    0x08000188   0x08000188   0x00000008   Code   RO         2418  * !!!main             c_w.l(__main.o)
    0x08000190   0x08000190   0x00000034   Code   RO         2734    !!!scatter          c_w.l(__scatter.o)
    0x080001c4   0x080001c4   0x0000001a   Code   RO         2736    !!handler_copy      c_w.l(__scatter_copy.o)
    0x080001de   0x080001de   0x00000002   PAD
    0x080001e0   0x080001e0   0x0000001c   Code   RO         2738    !!handler_zi        c_w.l(__scatter_zi.o)
    0x080001fc   0x080001fc   0x00000000   Code   RO         2415    .ARM.Collect$$_printf_percent$$00000000  c_w.l(_printf_percent.o)
    0x080001fc   0x080001fc   0x00000006   Code   RO         2414    .ARM.Collect$$_printf_percent$$00000003  c_w.l(_printf_f.o)
    0x08000202   0x08000202   0x00000004   Code   RO         2467    .ARM.Collect$$_printf_percent$$00000017  c_w.l(_printf_percent_end.o)
    0x08000206   0x08000206   0x00000002   Code   RO         2601    .ARM.Collect$$libinit$$00000000  c_w.l(libinit.o)
    0x08000208   0x08000208   0x00000004   Code   RO         2602    .ARM.Collect$$libinit$$00000001  c_w.l(libinit2.o)
    0x0800020c   0x0800020c   0x00000000   Code   RO         2605    .ARM.Collect$$libinit$$00000004  c_w.l(libinit2.o)
    0x0800020c   0x0800020c   0x00000000   Code   RO         2608    .ARM.Collect$$libinit$$0000000A  c_w.l(libinit2.o)
    0x0800020c   0x0800020c   0x00000000   Code   RO         2610    .ARM.Collect$$libinit$$0000000C  c_w.l(libinit2.o)
    0x0800020c   0x0800020c   0x00000000   Code   RO         2612    .ARM.Collect$$libinit$$0000000E  c_w.l(libinit2.o)
    0x0800020c   0x0800020c   0x00000006   Code   RO         2613    .ARM.Collect$$libinit$$0000000F  c_w.l(libinit2.o)
    0x08000212   0x08000212   0x00000000   Code   RO         2615    .ARM.Collect$$libinit$$00000011  c_w.l(libinit2.o)
    0x08000212   0x08000212   0x00000000   Code   RO         2617    .ARM.Collect$$libinit$$00000013  c_w.l(libinit2.o)
    0x08000212   0x08000212   0x00000000   Code   RO         2619    .ARM.Collect$$libinit$$00000015  c_w.l(libinit2.o)
    0x08000212   0x08000212   0x0000000a   Code   RO         2620    .ARM.Collect$$libinit$$00000016  c_w.l(libinit2.o)
    0x0800021c   0x0800021c   0x00000000   Code   RO         2621    .ARM.Collect$$libinit$$00000017  c_w.l(libinit2.o)
    0x0800021c   0x0800021c   0x00000000   Code   RO         2623    .ARM.Collect$$libinit$$00000019  c_w.l(libinit2.o)
    0x0800021c   0x0800021c   0x00000000   Code   RO         2625    .ARM.Collect$$libinit$$0000001B  c_w.l(libinit2.o)
    0x0800021c   0x0800021c   0x00000000   Code   RO         2627    .ARM.Collect$$libinit$$0000001D  c_w.l(libinit2.o)
    0x0800021c   0x0800021c   0x00000000   Code   RO         2629    .ARM.Collect$$libinit$$0000001F  c_w.l(libinit2.o)
    0x0800021c   0x0800021c   0x00000000   Code   RO         2631    .ARM.Collect$$libinit$$00000021  c_w.l(libinit2.o)
    0x0800021c   0x0800021c   0x00000000   Code   RO         2633    .ARM.Collect$$libinit$$00000023  c_w.l(libinit2.o)
    0x0800021c   0x0800021c   0x00000000   Code   RO         2635    .ARM.Collect$$libinit$$00000025  c_w.l(libinit2.o)
    0x0800021c   0x0800021c   0x00000000   Code   RO         2639    .ARM.Collect$$libinit$$0000002C  c_w.l(libinit2.o)
    0x0800021c   0x0800021c   0x00000000   Code   RO         2641    .ARM.Collect$$libinit$$0000002E  c_w.l(libinit2.o)
    0x0800021c   0x0800021c   0x00000000   Code   RO         2643    .ARM.Collect$$libinit$$00000030  c_w.l(libinit2.o)
    0x0800021c   0x0800021c   0x00000000   Code   RO         2645    .ARM.Collect$$libinit$$00000032  c_w.l(libinit2.o)
    0x0800021c   0x0800021c   0x00000002   Code   RO         2646    .ARM.Collect$$libinit$$00000033  c_w.l(libinit2.o)
    0x0800021e   0x0800021e   0x00000002   Code   RO         2682    .ARM.Collect$$libshutdown$$00000000  c_w.l(libshutdown.o)
    0x08000220   0x08000220   0x00000000   Code   RO         2693    .ARM.Collect$$libshutdown$$00000002  c_w.l(libshutdown2.o)
    0x08000220   0x08000220   0x00000000   Code   RO         2695    .ARM.Collect$$libshutdown$$00000004  c_w.l(libshutdown2.o)
    0x08000220   0x08000220   0x00000000   Code   RO         2698    .ARM.Collect$$libshutdown$$00000007  c_w.l(libshutdown2.o)
    0x08000220   0x08000220   0x00000000   Code   RO         2701    .ARM.Collect$$libshutdown$$0000000A  c_w.l(libshutdown2.o)
    0x08000220   0x08000220   0x00000000   Code   RO         2703    .ARM.Collect$$libshutdown$$0000000C  c_w.l(libshutdown2.o)
    0x08000220   0x08000220   0x00000000   Code   RO         2706    .ARM.Collect$$libshutdown$$0000000F  c_w.l(libshutdown2.o)
    0x08000220   0x08000220   0x00000002   Code   RO         2707    .ARM.Collect$$libshutdown$$00000010  c_w.l(libshutdown2.o)
    0x08000222   0x08000222   0x00000000   Code   RO         2458    .ARM.Collect$$rtentry$$00000000  c_w.l(__rtentry.o)
    0x08000222   0x08000222   0x00000000   Code   RO         2521    .ARM.Collect$$rtentry$$00000002  c_w.l(__rtentry2.o)
    0x08000222   0x08000222   0x00000006   Code   RO         2533    .ARM.Collect$$rtentry$$00000004  c_w.l(__rtentry4.o)
    0x08000228   0x08000228   0x00000000   Code   RO         2523    .ARM.Collect$$rtentry$$00000009  c_w.l(__rtentry2.o)
    0x08000228   0x08000228   0x00000004   Code   RO         2524    .ARM.Collect$$rtentry$$0000000A  c_w.l(__rtentry2.o)
    0x0800022c   0x0800022c   0x00000000   Code   RO         2526    .ARM.Collect$$rtentry$$0000000C  c_w.l(__rtentry2.o)
    0x0800022c   0x0800022c   0x00000008   Code   RO         2527    .ARM.Collect$$rtentry$$0000000D  c_w.l(__rtentry2.o)
    0x08000234   0x08000234   0x00000002   Code   RO         2651    .ARM.Collect$$rtexit$$00000000  c_w.l(rtexit.o)
    0x08000236   0x08000236   0x00000000   Code   RO         2660    .ARM.Collect$$rtexit$$00000002  c_w.l(rtexit2.o)
    0x08000236   0x08000236   0x00000004   Code   RO         2661    .ARM.Collect$$rtexit$$00000003  c_w.l(rtexit2.o)
    0x0800023a   0x0800023a   0x00000006   Code   RO         2662    .ARM.Collect$$rtexit$$00000004  c_w.l(rtexit2.o)
    0x08000240   0x08000240   0x00000040   Code   RO         2208    .text               startup_stm32f334x8.o
    0x08000280   0x08000280   0x00000028   Code   RO         2390    .text               c_w.l(noretval__2sprintf.o)
    0x080002a8   0x080002a8   0x00000068   Code   RO         2392    .text               c_w.l(__printf.o)
    0x08000310   0x08000310   0x00000006   Code   RO         2416    .text               c_w.l(heapauxi.o)
    0x08000316   0x08000316   0x00000016   Code   RO         2459    .text               c_w.l(_rserrno.o)
    0x0800032c   0x0800032c   0x0000041e   Code   RO         2461    .text               c_w.l(_printf_fp_dec.o)
    0x0800074a   0x0800074a   0x00000002   PAD
    0x0800074c   0x0800074c   0x00000030   Code   RO         2463    .text               c_w.l(_printf_char_common.o)
    0x0800077c   0x0800077c   0x0000000a   Code   RO         2465    .text               c_w.l(_sputc.o)
    0x08000786   0x08000786   0x00000002   PAD
    0x08000788   0x08000788   0x00000008   Code   RO         2538    .text               c_w.l(rt_locale_intlibspace.o)
    0x08000790   0x08000790   0x00000008   Code   RO         2543    .text               c_w.l(rt_errno_addr_intlibspace.o)
    0x08000798   0x08000798   0x0000008a   Code   RO         2545    .text               c_w.l(lludiv10.o)
    0x08000822   0x08000822   0x00000002   PAD
    0x08000824   0x08000824   0x00000080   Code   RO         2547    .text               c_w.l(_printf_fp_infnan.o)
    0x080008a4   0x080008a4   0x000000e4   Code   RO         2551    .text               c_w.l(bigflt0.o)
    0x08000988   0x08000988   0x00000008   Code   RO         2587    .text               c_w.l(libspace.o)
    0x08000990   0x08000990   0x0000004a   Code   RO         2590    .text               c_w.l(sys_stackheap_outer.o)
    0x080009da   0x080009da   0x00000012   Code   RO         2592    .text               c_w.l(exit.o)
    0x080009ec   0x080009ec   0x00000080   Code   RO         2594    .text               c_w.l(strcmpv7m.o)
    0x08000a6c   0x08000a6c   0x0000000c   Code   RO         2672    .text               c_w.l(sys_exit.o)
    0x08000a78   0x08000a78   0x00000002   Code   RO         2683    .text               c_w.l(use_no_semi.o)
    0x08000a7a   0x08000a7a   0x00000000   Code   RO         2685    .text               c_w.l(indicate_semi.o)
    0x08000a7a   0x08000a7a   0x0000003e   Code   RO         2554    CL$$btod_d2e        c_w.l(btod.o)
    0x08000ab8   0x08000ab8   0x00000046   Code   RO         2556    CL$$btod_d2e_denorm_low  c_w.l(btod.o)
    0x08000afe   0x08000afe   0x00000060   Code   RO         2555    CL$$btod_d2e_norm_op1  c_w.l(btod.o)
    0x08000b5e   0x08000b5e   0x00000338   Code   RO         2564    CL$$btod_div_common  c_w.l(btod.o)
    0x08000e96   0x08000e96   0x000000dc   Code   RO         2561    CL$$btod_e2e        c_w.l(btod.o)
    0x08000f72   0x08000f72   0x0000002a   Code   RO         2558    CL$$btod_ediv       c_w.l(btod.o)
    0x08000f9c   0x08000f9c   0x0000002a   Code   RO         2557    CL$$btod_emul       c_w.l(btod.o)
    0x08000fc6   0x08000fc6   0x00000244   Code   RO         2563    CL$$btod_mult_common  c_w.l(btod.o)
    0x0800120a   0x0800120a   0x00000094   Code   RO         2339    i.ADC1_Init         main.o
    0x0800129e   0x0800129e   0x00000016   Code   RO           11    i.ADC_AutoDelayCmd  stm32f30x_adc.o
    0x080012b4   0x080012b4   0x00000016   Code   RO           20    i.ADC_Cmd           stm32f30x_adc.o
    0x080012ca   0x080012ca   0x00000002   PAD
    0x080012cc   0x080012cc   0x00000064   Code   RO           21    i.ADC_CommonInit    stm32f30x_adc.o
    0x08001330   0x08001330   0x00000008   Code   RO           33    i.ADC_GetConversionValue  stm32f30x_adc.o
    0x08001338   0x08001338   0x00000012   Code   RO           36    i.ADC_GetFlagStatus  stm32f30x_adc.o
    0x0800134a   0x0800134a   0x00000002   PAD
    0x0800134c   0x0800134c   0x00000040   Code   RO           42    i.ADC_Init          stm32f30x_adc.o
    0x0800138c   0x0800138c   0x000000fa   Code   RO           47    i.ADC_RegularChannelConfig  stm32f30x_adc.o
    0x08001486   0x08001486   0x0000000a   Code   RO           58    i.ADC_StartConversion  stm32f30x_adc.o
    0x08001490   0x08001490   0x0000001e   Code   RO           65    i.ADC_VoltageRegulatorCmd  stm32f30x_adc.o
    0x080014ae   0x080014ae   0x00000004   Code   RO         2215    i.BusFault_Handler  stm32f30x_it.o
    0x080014b2   0x080014b2   0x00000002   Code   RO         2216    i.DebugMon_Handler  stm32f30x_it.o
    0x080014b4   0x080014b4   0x00000014   Code   RO         2290    i.Delay_10          systick_delay.o
    0x080014c8   0x080014c8   0x00000016   Code   RO         2291    i.Delay_ms          systick_delay.o
    0x080014de   0x080014de   0x00000096   Code   RO          568    i.GPIO_Init         stm32f30x_gpio.o
    0x08001574   0x08001574   0x00000046   Code   RO          569    i.GPIO_PinAFConfig  stm32f30x_gpio.o
    0x080015ba   0x080015ba   0x00000004   Code   RO         2217    i.HardFault_Handler  stm32f30x_it.o
    0x080015be   0x080015be   0x00000004   Code   RO         2218    i.MemManage_Handler  stm32f30x_it.o
    0x080015c2   0x080015c2   0x00000002   Code   RO         2219    i.NMI_Handler       stm32f30x_it.o
    0x080015c4   0x080015c4   0x00000002   Code   RO         2220    i.PendSV_Handler    stm32f30x_it.o
    0x080015c6   0x080015c6   0x00000002   PAD
    0x080015c8   0x080015c8   0x00000030   Code   RO          789    i.RCC_ADCCLKConfig  stm32f30x_rcc.o
    0x080015f8   0x080015f8   0x00000020   Code   RO          790    i.RCC_AHBPeriphClockCmd  stm32f30x_rcc.o
    0x08001618   0x08001618   0x00000020   Code   RO          792    i.RCC_APB1PeriphClockCmd  stm32f30x_rcc.o
    0x08001638   0x08001638   0x00000568   Code   RO          802    i.RCC_GetClocksFreq  stm32f30x_rcc.o
    0x08001ba0   0x08001ba0   0x00000002   Code   RO         2221    i.SVC_Handler       stm32f30x_it.o
    0x08001ba2   0x08001ba2   0x00000002   PAD
    0x08001ba4   0x08001ba4   0x000000c4   Code   RO         2167    i.SetSysClock       system_stm32f30x.o
    0x08001c68   0x08001c68   0x00000018   Code   RO         2292    i.SysTick_Handler   systick_delay.o
    0x08001c80   0x08001c80   0x00000064   Code   RO         2293    i.SysTick_init      systick_delay.o
    0x08001ce4   0x08001ce4   0x000000a0   Code   RO         2168    i.SystemCoreClockUpdate  system_stm32f30x.o
    0x08001d84   0x08001d84   0x00000084   Code   RO         2169    i.SystemInit        system_stm32f30x.o
    0x08001e08   0x08001e08   0x00000088   Code   RO         2340    i.UART2_Configure   main.o
    0x08001e90   0x08001e90   0x00000028   Code   RO         2341    i.UART_SendString   main.o
    0x08001eb8   0x08001eb8   0x00000016   Code   RO         1862    i.USART_Cmd         stm32f30x_usart.o
    0x08001ece   0x08001ece   0x00000012   Code   RO         1870    i.USART_GetFlagStatus  stm32f30x_usart.o
    0x08001ee0   0x08001ee0   0x000000ec   Code   RO         1874    i.USART_Init        stm32f30x_usart.o
    0x08001fcc   0x08001fcc   0x00000008   Code   RO         1891    i.USART_SendData    stm32f30x_usart.o
    0x08001fd4   0x08001fd4   0x00000004   Code   RO         2222    i.UsageFault_Handler  stm32f30x_it.o
    0x08001fd8   0x08001fd8   0x00000030   Code   RO         2503    i.__ARM_fpclassify  m_wm.l(fpclassify.o)
    0x08002008   0x08002008   0x00000c50   Code   RO         2444    i.__hardfp_pow      m_wm.l(pow.o)
    0x08002c58   0x08002c58   0x000000f8   Code   RO         2505    i.__kernel_poly     m_wm.l(poly.o)
    0x08002d50   0x08002d50   0x00000030   Code   RO         2483    i.__mathlib_dbl_divzero  m_wm.l(dunder.o)
    0x08002d80   0x08002d80   0x00000014   Code   RO         2485    i.__mathlib_dbl_infnan2  m_wm.l(dunder.o)
    0x08002d94   0x08002d94   0x00000004   PAD
    0x08002d98   0x08002d98   0x00000020   Code   RO         2486    i.__mathlib_dbl_invalid  m_wm.l(dunder.o)
    0x08002db8   0x08002db8   0x00000020   Code   RO         2487    i.__mathlib_dbl_overflow  m_wm.l(dunder.o)
    0x08002dd8   0x08002dd8   0x00000020   Code   RO         2489    i.__mathlib_dbl_underflow  m_wm.l(dunder.o)
    0x08002df8   0x08002df8   0x00000018   Code   RO         2499    i.fabs              m_wm.l(fabs.o)
    0x08002e10   0x08002e10   0x000001b0   Code   RO         2342    i.main              main.o
    0x08002fc0   0x08002fc0   0x0000006e   Code   RO         2510    i.sqrt              m_wm.l(sqrt.o)
    0x0800302e   0x0800302e   0x00000002   PAD
    0x08003030   0x08003030   0x0000002c   Code   RO         2577    locale$$code        c_w.l(lc_numeric_c.o)
    0x0800305c   0x0800305c   0x00000018   Code   RO         2468    x$fpl$basic         fz_wm.l(basic.o)
    0x08003074   0x08003074   0x00000062   Code   RO         2420    x$fpl$d2f           fz_wm.l(d2f.o)
    0x080030d6   0x080030d6   0x00000002   PAD
    0x080030d8   0x080030d8   0x00000150   Code   RO         2422    x$fpl$dadd          fz_wm.l(daddsub_clz.o)
    0x08003228   0x08003228   0x00000010   Code   RO         2579    x$fpl$dcheck1       fz_wm.l(dcheck1.o)
    0x08003238   0x08003238   0x00000018   Code   RO         2647    x$fpl$dcmpinf       fz_wm.l(dcmpi.o)
    0x08003250   0x08003250   0x000002b0   Code   RO         2429    x$fpl$ddiv          fz_wm.l(ddiv.o)
    0x08003500   0x08003500   0x0000002e   Code   RO         2433    x$fpl$dflt          fz_wm.l(dflt_clz.o)
    0x0800352e   0x0800352e   0x00000026   Code   RO         2432    x$fpl$dfltu         fz_wm.l(dflt_clz.o)
    0x08003554   0x08003554   0x00000078   Code   RO         2581    x$fpl$dleqf         fz_wm.l(dleqf.o)
    0x080035cc   0x080035cc   0x00000154   Code   RO         2438    x$fpl$dmul          fz_wm.l(dmul.o)
    0x08003720   0x08003720   0x0000009c   Code   RO         2470    x$fpl$dnaninf       fz_wm.l(dnaninf.o)
    0x080037bc   0x080037bc   0x0000000c   Code   RO         2472    x$fpl$dretinf       fz_wm.l(dretinf.o)
    0x080037c8   0x080037c8   0x0000006c   Code   RO         2474    x$fpl$drleqf        fz_wm.l(drleqf.o)
    0x08003834   0x08003834   0x00000016   Code   RO         2423    x$fpl$drsb          fz_wm.l(daddsub_clz.o)
    0x0800384a   0x0800384a   0x00000002   PAD
    0x0800384c   0x0800384c   0x00000198   Code   RO         2583    x$fpl$dsqrt         fz_wm.l(dsqrt_umaal.o)
    0x080039e4   0x080039e4   0x000001d4   Code   RO         2424    x$fpl$dsub          fz_wm.l(daddsub_clz.o)
    0x08003bb8   0x08003bb8   0x00000056   Code   RO         2440    x$fpl$f2d           fz_wm.l(f2d.o)
    0x08003c0e   0x08003c0e   0x0000008c   Code   RO         2476    x$fpl$fnaninf       fz_wm.l(fnaninf.o)
    0x08003c9a   0x08003c9a   0x0000000a   Code   RO         2655    x$fpl$fpinit        fz_wm.l(fpinit.o)
    0x08003ca4   0x08003ca4   0x0000000a   Code   RO         2478    x$fpl$fretinf       fz_wm.l(fretinf.o)
    0x08003cae   0x08003cae   0x00000004   Code   RO         2442    x$fpl$printf1       fz_wm.l(printf1.o)
    0x08003cb2   0x08003cb2   0x00000064   Code   RO         2649    x$fpl$retnan        fz_wm.l(retnan.o)
    0x08003d16   0x08003d16   0x0000005c   Code   RO         2480    x$fpl$scalbn        fz_wm.l(scalbn.o)
    0x08003d72   0x08003d72   0x00000030   Code   RO         2657    x$fpl$trapveneer    fz_wm.l(trapv.o)
    0x08003da2   0x08003da2   0x00000000   Code   RO         2482    x$fpl$usenofp       fz_wm.l(usenofp.o)
    0x08003da2   0x08003da2   0x00000006   PAD
    0x08003da8   0x08003da8   0x00000088   Data   RO         2447    .constdata          m_wm.l(pow.o)
    0x08003e30   0x08003e30   0x00000008   Data   RO         2507    .constdata          m_wm.l(qnan.o)
    0x08003e38   0x08003e38   0x00000094   Data   RO         2552    .constdata          c_w.l(bigflt0.o)
    0x08003ecc   0x08003ecc   0x00000020   Data   RO         2732    Region$$Table       anon$$obj.o
    0x08003eec   0x08003eec   0x0000001c   Data   RO         2576    locale$$data        c_w.l(lc_numeric_c.o)


    Execution Region RW_IRAM1 (Exec base: 0x20000000, Load base: 0x08003f08, Size: 0x000006a8, Max: 0x00004000, ABSOLUTE)

    Exec Addr    Load Addr    Size         Type   Attr      Idx    E Section Name        Object

    0x20000000   0x08003f08   0x00000030   Data   RW          829    .data               stm32f30x_rcc.o
    0x20000030   0x08003f38   0x00000014   Data   RW         2170    .data               system_stm32f30x.o
    0x20000044   0x08003f4c   0x00000004   Data   RW         2294    .data               systick_delay.o
    0x20000048        -       0x00000060   Zero   RW         2588    .bss                c_w.l(libspace.o)
    0x200000a8        -       0x00000200   Zero   RW         2206    HEAP                startup_stm32f334x8.o
    0x200002a8        -       0x00000400   Zero   RW         2205    STACK               startup_stm32f334x8.o


==============================================================================

Image component sizes


      Code (inc. data)   RO Data    RW Data    ZI Data      Debug   Object Name

       756         86          0          0          0       3055   main.o
        64         26        392          0       1536        924   startup_stm32f334x8.o
       524         24          0          0          0     344373   stm32f30x_adc.o
       220          0          0          0          0       1935   stm32f30x_gpio.o
        24          0          0          0          0       3736   stm32f30x_it.o
      1496         36          0         48          0       5260   stm32f30x_rcc.o
       284         16          0          0          0       3520   stm32f30x_usart.o
       488         50          0         20          0       2813   system_stm32f30x.o
       166         26          0          4          0      29486   systick_delay.o

    ----------------------------------------------------------------------
      4030        264        424         72       1536     395102   Object Totals
         0          0         32          0          0          0   (incl. Generated)
         8          0          0          0          0          0   (incl. Padding)

    ----------------------------------------------------------------------

      Code (inc. data)   RO Data    RW Data    ZI Data      Debug   Library Member Name

         8          0          0          0          0         68   __main.o
       104          0          0          0          0         84   __printf.o
         0          0          0          0          0          0   __rtentry.o
        12          0          0          0          0          0   __rtentry2.o
         6          0          0          0          0          0   __rtentry4.o
        52          8          0          0          0          0   __scatter.o
        26          0          0          0          0          0   __scatter_copy.o
        28          0          0          0          0          0   __scatter_zi.o
        48          6          0          0          0         96   _printf_char_common.o
         6          0          0          0          0          0   _printf_f.o
      1054          0          0          0          0        216   _printf_fp_dec.o
       128         16          0          0          0         84   _printf_fp_infnan.o
         0          0          0          0          0          0   _printf_percent.o
         4          0          0          0          0          0   _printf_percent_end.o
        22          0          0          0          0        100   _rserrno.o
        10          0          0          0          0         68   _sputc.o
       228          4        148          0          0         96   bigflt0.o
      1936        128          0          0          0        672   btod.o
        18          0          0          0          0         80   exit.o
         6          0          0          0          0        152   heapauxi.o
         0          0          0          0          0          0   indicate_semi.o
        44         10         28          0          0         76   lc_numeric_c.o
         2          0          0          0          0          0   libinit.o
        22          0          0          0          0          0   libinit2.o
         2          0          0          0          0          0   libshutdown.o
         2          0          0          0          0          0   libshutdown2.o
         8          4          0          0         96         68   libspace.o
       138          0          0          0          0         80   lludiv10.o
        40          6          0          0          0         84   noretval__2sprintf.o
         8          4          0          0          0         68   rt_errno_addr_intlibspace.o
         8          4          0          0          0         68   rt_locale_intlibspace.o
         2          0          0          0          0          0   rtexit.o
        10          0          0          0          0          0   rtexit2.o
       128          0          0          0          0         68   strcmpv7m.o
        12          4          0          0          0         68   sys_exit.o
        74          0          0          0          0         80   sys_stackheap_outer.o
         2          0          0          0          0         68   use_no_semi.o
        24          0          0          0          0        164   basic.o
        98          4          0          0          0        140   d2f.o
       826         16          0          0          0        492   daddsub_clz.o
        16          4          0          0          0        116   dcheck1.o
        24          0          0          0          0        116   dcmpi.o
       688        140          0          0          0        256   ddiv.o
        84          0          0          0          0        232   dflt_clz.o
       120          4          0          0          0        140   dleqf.o
       340         12          0          0          0        152   dmul.o
       156          4          0          0          0        140   dnaninf.o
        12          0          0          0          0        116   dretinf.o
       108          0          0          0          0        128   drleqf.o
       408         56          0          0          0        168   dsqrt_umaal.o
        86          4          0          0          0        132   f2d.o
       140          4          0          0          0        132   fnaninf.o
        10          0          0          0          0        116   fpinit.o
        10          0          0          0          0        116   fretinf.o
         4          0          0          0          0        116   printf1.o
       100          0          0          0          0        116   retnan.o
        92          0          0          0          0        116   scalbn.o
        48          0          0          0          0        116   trapv.o
         0          0          0          0          0          0   usenofp.o
       164         44          0          0          0        620   dunder.o
        24          0          0          0          0        124   fabs.o
        48          0          0          0          0        124   fpclassify.o
       248          0          0          0          0        152   poly.o
      3152        296        136          0          0        352   pow.o
         0          0          8          0          0          0   qnan.o
       110          0          0          0          0        148   sqrt.o

    ----------------------------------------------------------------------
     11362        782        320          0         96       7284   Library Totals
        24          0          0          0          0          0   (incl. Padding)

    ----------------------------------------------------------------------

      Code (inc. data)   RO Data    RW Data    ZI Data      Debug   Library Name

      4198        194        176          0         96       2444   c_w.l
      3394        248          0          0          0       3320   fz_wm.l
      3746        340        144          0          0       1520   m_wm.l

    ----------------------------------------------------------------------
     11362        782        320          0         96       7284   Library Totals

    ----------------------------------------------------------------------

==============================================================================


      Code (inc. data)   RO Data    RW Data    ZI Data      Debug   

     15392       1046        744         72       1632     394486   Grand Totals
     15392       1046        744         72       1632     394486   ELF Image Totals
     15392       1046        744         72          0          0   ROM Totals

==============================================================================

    Total RO  Size (Code + RO Data)                16136 (  15.76kB)
    Total RW  Size (RW Data + ZI Data)              1704 (   1.66kB)
    Total ROM Size (Code + RO Data + RW Data)      16208 (  15.83kB)

==============================================================================

